Archive member included because of file (symbol)

c:/gnuarm/bin/../lib/gcc/arm-none-eabi/4.7.4/../../../../arm-none-eabi/lib/armv7e-m\libm.a(lib_a-s_fpclassify.o)
                              ..\obj\grammar.o (__fpclassifyd)
c:/gnuarm/bin/../lib/gcc/arm-none-eabi/4.7.4/../../../../arm-none-eabi/lib/armv7e-m\libm.a(lib_a-w_pow.o)
                              ..\obj\grammar.o (pow)
c:/gnuarm/bin/../lib/gcc/arm-none-eabi/4.7.4/../../../../arm-none-eabi/lib/armv7e-m\libm.a(lib_a-e_pow.o)
                              c:/gnuarm/bin/../lib/gcc/arm-none-eabi/4.7.4/../../../../arm-none-eabi/lib/armv7e-m\libm.a(lib_a-w_pow.o) (__ieee754_pow)
c:/gnuarm/bin/../lib/gcc/arm-none-eabi/4.7.4/../../../../arm-none-eabi/lib/armv7e-m\libm.a(lib_a-e_sqrt.o)
                              c:/gnuarm/bin/../lib/gcc/arm-none-eabi/4.7.4/../../../../arm-none-eabi/lib/armv7e-m\libm.a(lib_a-e_pow.o) (__ieee754_sqrt)
c:/gnuarm/bin/../lib/gcc/arm-none-eabi/4.7.4/../../../../arm-none-eabi/lib/armv7e-m\libm.a(lib_a-s_fabs.o)
                              c:/gnuarm/bin/../lib/gcc/arm-none-eabi/4.7.4/../../../../arm-none-eabi/lib/armv7e-m\libm.a(lib_a-e_pow.o) (fabs)
c:/gnuarm/bin/../lib/gcc/arm-none-eabi/4.7.4/../../../../arm-none-eabi/lib/armv7e-m\libm.a(lib_a-s_finite.o)
                              c:/gnuarm/bin/../lib/gcc/arm-none-eabi/4.7.4/../../../../arm-none-eabi/lib/armv7e-m\libm.a(lib_a-w_pow.o) (finite)
c:/gnuarm/bin/../lib/gcc/arm-none-eabi/4.7.4/../../../../arm-none-eabi/lib/armv7e-m\libm.a(lib_a-s_lib_ver.o)
                              c:/gnuarm/bin/../lib/gcc/arm-none-eabi/4.7.4/../../../../arm-none-eabi/lib/armv7e-m\libm.a(lib_a-w_pow.o) (__fdlib_version)
c:/gnuarm/bin/../lib/gcc/arm-none-eabi/4.7.4/../../../../arm-none-eabi/lib/armv7e-m\libm.a(lib_a-s_matherr.o)
                              c:/gnuarm/bin/../lib/gcc/arm-none-eabi/4.7.4/../../../../arm-none-eabi/lib/armv7e-m\libm.a(lib_a-w_pow.o) (matherr)
c:/gnuarm/bin/../lib/gcc/arm-none-eabi/4.7.4/../../../../arm-none-eabi/lib/armv7e-m\libm.a(lib_a-s_nan.o)
                              c:/gnuarm/bin/../lib/gcc/arm-none-eabi/4.7.4/../../../../arm-none-eabi/lib/armv7e-m\libm.a(lib_a-e_pow.o) (nan)
c:/gnuarm/bin/../lib/gcc/arm-none-eabi/4.7.4/../../../../arm-none-eabi/lib/armv7e-m\libm.a(lib_a-s_rint.o)
                              c:/gnuarm/bin/../lib/gcc/arm-none-eabi/4.7.4/../../../../arm-none-eabi/lib/armv7e-m\libm.a(lib_a-w_pow.o) (rint)
c:/gnuarm/bin/../lib/gcc/arm-none-eabi/4.7.4/../../../../arm-none-eabi/lib/armv7e-m\libm.a(lib_a-s_scalbn.o)
                              c:/gnuarm/bin/../lib/gcc/arm-none-eabi/4.7.4/../../../../arm-none-eabi/lib/armv7e-m\libm.a(lib_a-e_pow.o) (scalbn)
c:/gnuarm/bin/../lib/gcc/arm-none-eabi/4.7.4/../../../../arm-none-eabi/lib/armv7e-m\libm.a(lib_a-s_copysign.o)
                              c:/gnuarm/bin/../lib/gcc/arm-none-eabi/4.7.4/../../../../arm-none-eabi/lib/armv7e-m\libm.a(lib_a-s_scalbn.o) (copysign)
c:/gnuarm/bin/../lib/gcc/arm-none-eabi/4.7.4/armv7e-m\libgcc.a(_arm_addsubdf3.o)
                              ..\obj\polish_notation.o (__aeabi_dsub)
c:/gnuarm/bin/../lib/gcc/arm-none-eabi/4.7.4/armv7e-m\libgcc.a(_arm_muldivdf3.o)
                              ..\obj\polish_notation.o (__aeabi_dmul)
c:/gnuarm/bin/../lib/gcc/arm-none-eabi/4.7.4/armv7e-m\libgcc.a(_arm_cmpdf2.o)
                              ..\obj\polish_notation.o (__aeabi_dcmpeq)
c:/gnuarm/bin/../lib/gcc/arm-none-eabi/4.7.4/armv7e-m\libgcc.a(_arm_fixdfsi.o)
                              ..\obj\printf.o (__aeabi_d2iz)
c:/gnuarm/bin/../lib/gcc/arm-none-eabi/4.7.4/armv7e-m\libgcc.a(_arm_fixunsdfsi.o)
                              ..\obj\TouchPanel.o (__aeabi_d2uiz)
c:/gnuarm/bin/../lib/gcc/arm-none-eabi/4.7.4/armv7e-m\libgcc.a(_aeabi_uldivmod.o)
                              ..\obj\printf.o (__aeabi_uldivmod)
c:/gnuarm/bin/../lib/gcc/arm-none-eabi/4.7.4/armv7e-m\libgcc.a(_fixunsdfdi.o)
                              ..\obj\printf.o (__aeabi_d2ulz)
c:/gnuarm/bin/../lib/gcc/arm-none-eabi/4.7.4/armv7e-m\libgcc.a(bpabi.o)
                              c:/gnuarm/bin/../lib/gcc/arm-none-eabi/4.7.4/armv7e-m\libgcc.a(_aeabi_uldivmod.o) (__gnu_uldivmod_helper)
c:/gnuarm/bin/../lib/gcc/arm-none-eabi/4.7.4/armv7e-m\libgcc.a(_dvmd_tls.o)
                              c:/gnuarm/bin/../lib/gcc/arm-none-eabi/4.7.4/armv7e-m\libgcc.a(_aeabi_uldivmod.o) (__aeabi_ldiv0)
c:/gnuarm/bin/../lib/gcc/arm-none-eabi/4.7.4/armv7e-m\libgcc.a(_divdi3.o)
                              c:/gnuarm/bin/../lib/gcc/arm-none-eabi/4.7.4/armv7e-m\libgcc.a(bpabi.o) (__divdi3)
c:/gnuarm/bin/../lib/gcc/arm-none-eabi/4.7.4/armv7e-m\libgcc.a(_udivdi3.o)
                              c:/gnuarm/bin/../lib/gcc/arm-none-eabi/4.7.4/armv7e-m\libgcc.a(bpabi.o) (__udivdi3)
c:/gnuarm/bin/../lib/gcc/arm-none-eabi/4.7.4/../../../../arm-none-eabi/lib/armv7e-m\libc.a(lib_a-atof.o)
                              ..\obj\polish_notation.o (atof)
[...]
Memory Configuration

Name             Origin             Length             Attributes
rom              0x08000000         0x00100000         xr
ram              0x20000000         0x00020000         xrw
ram1             0x10000000         0x00010000         xrw
*default*        0x00000000         0xffffffff

Linker script and memory map

                0x20020000                _eram = 0x20020000

.text           0x08000000     0xdab0
 *(.isr_vector .isr_vector.*)
 .isr_vector    0x08000000      0x188 ..\obj\stm32f4xx_Startup.o
                0x08000000                g_pfnVectors
 *(.text .text.* .gnu.linkonce.t.*)
 .text.SH_SendChar
                0x08000188       0x98 ..\obj\semihosting.o
                0x08000188                SH_SendChar
 .text.Default_Reset_Handler
                0x08000220       0x78 ..\obj\stm32f4xx_Startup.o
                0x08000220                Default_Reset_Handler
                0x08000220                Reset_Handler
 .text.Default_Handler
                0x08000298        0x8 ..\obj\stm32f4xx_Startup.o
                0x08000298                RTC_Alarm_IRQHandler
                0x08000298                HASH_RNG_IRQHandler
                0x08000298                EXTI2_IRQHandler
                0x08000298                TIM8_CC_IRQHandler
                0x08000298                TIM1_CC_IRQHandler
                0x08000298                DMA2_Stream5_IRQHandler
                0x08000298                DMA1_Stream5_IRQHandler
                0x08000298                PVD_IRQHandler
                0x08000298                SDIO_IRQHandler
                0x08000298                TAMP_STAMP_IRQHandler
                0x08000298                CAN2_RX1_IRQHandler
                0x08000298                EXTI3_IRQHandler
                0x08000298                TIM8_TRG_COM_TIM14_IRQHandler
                0x08000298                TIM1_UP_TIM10_IRQHandler
                0x08000298                TIM8_UP_TIM13_IRQHandler
                0x08000298                I2C3_ER_IRQHandler
                0x08000298                EXTI0_IRQHandler
                0x08000298                I2C2_EV_IRQHandler
                0x08000298                DMA1_Stream2_IRQHandler
                0x08000298                CAN1_RX0_IRQHandler
                0x08000298                FPU_IRQHandler
                0x08000298                OTG_HS_WKUP_IRQHandler
                0x08000298                CAN2_SCE_IRQHandler
                0x08000298                DMA2_Stream2_IRQHandler
                0x08000298                SPI1_IRQHandler
                0x08000298                TIM6_DAC_IRQHandler
                0x08000298                TIM1_BRK_TIM9_IRQHandler
                0x08000298                DCMI_IRQHandler
                0x08000298                CAN2_RX0_IRQHandler
                0x08000298                DMA2_Stream3_IRQHandler
                0x08000298                USART6_IRQHandler
                0x08000298                USART3_IRQHandler
                0x08000298                CRYP_IRQHandler
                0x08000298                CAN1_RX1_IRQHandler
                0x08000298                UART5_IRQHandler
                0x08000298                DMA2_Stream0_IRQHandler
                0x08000298                TIM4_IRQHandler
                0x08000298                I2C1_EV_IRQHandler
                0x08000298                DMA1_Stream6_IRQHandler
                0x08000298                DMA1_Stream1_IRQHandler
                0x08000298                UART4_IRQHandler
                0x08000298                TIM3_IRQHandler
                0x08000298                RCC_IRQHandler
                0x08000298                TIM8_BRK_TIM12_IRQHandler
                0x08000298                Default_Handler
                0x08000298                EXTI15_10_IRQHandler
                0x08000298                ADC_IRQHandler
                0x08000298                DMA1_Stream7_IRQHandler
                0x08000298                TIM7_IRQHandler
                0x08000298                CAN2_TX_IRQHandler
                0x08000298                TIM5_IRQHandler
                0x08000298                DMA2_Stream7_IRQHandler
                0x08000298                I2C3_EV_IRQHandler
                0x08000298                EXTI9_5_IRQHandler
                0x08000298                RTC_WKUP_IRQHandler
                0x08000298                ETH_WKUP_IRQHandler
                0x08000298                SPI2_IRQHandler
                0x08000298                OTG_HS_EP1_IN_IRQHandler
                0x08000298                DMA1_Stream0_IRQHandler
                0x08000298                CAN1_TX_IRQHandler
                0x08000298                EXTI4_IRQHandler
                0x08000298                FSMC_IRQHandler
                0x08000298                ETH_IRQHandler
                0x08000298                OTG_HS_EP1_OUT_IRQHandler
                0x08000298                WWDG_IRQHandler
                0x08000298                TIM2_IRQHandler
                0x08000298                OTG_FS_WKUP_IRQHandler
                0x08000298                TIM1_TRG_COM_TIM11_IRQHandler
                0x08000298                OTG_HS_IRQHandler
                0x08000298                EXTI1_IRQHandler
                0x08000298                USART2_IRQHandler
                0x08000298                I2C2_ER_IRQHandler
                0x08000298                DMA2_Stream1_IRQHandler
                0x08000298                CAN1_SCE_IRQHandler
                0x08000298                FLASH_IRQHandler
                0x08000298                DMA2_Stream4_IRQHandler
                0x08000298                OTG_FS_IRQHandler
                0x08000298                SPI3_IRQHandler
                0x08000298                DMA1_Stream4_IRQHandler
                0x08000298                I2C1_ER_IRQHandler
                0x08000298                DMA2_Stream6_IRQHandler
                0x08000298                DMA1_Stream3_IRQHandler
 .text.USART_ReceiveData
                0x080002a0       0x24 ..\obj\stm32f4xx_usart.o
                0x080002a0                USART_ReceiveData
 .text.USART_GetITStatus
                0x080002c4       0xc4 ..\obj\stm32f4xx_usart.o
                0x080002c4                USART_GetITStatus
 .text.main     0x08000388       0x60 ..\obj\main.o
                0x08000388                main
 .text.RCC_AHB1PeriphClockCmd
                0x080003e8       0x54 ..\obj\stm32f4xx_rcc.o
                0x080003e8                RCC_AHB1PeriphClockCmd
 .text.RCC_AHB3PeriphClockCmd
                0x0800043c       0x54 ..\obj\stm32f4xx_rcc.o
                0x0800043c                RCC_AHB3PeriphClockCmd
 .text.RCC_APB1PeriphClockCmd
                0x08000490       0x54 ..\obj\stm32f4xx_rcc.o
                0x08000490                RCC_APB1PeriphClockCmd
 .text.RCC_APB1PeriphResetCmd
                0x080004e4       0x54 ..\obj\stm32f4xx_rcc.o
                0x080004e4                RCC_APB1PeriphResetCmd
 .text.RCC_APB2PeriphResetCmd
                0x08000538       0x54 ..\obj\stm32f4xx_rcc.o
                0x08000538                RCC_APB2PeriphResetCmd
 .text.NMI_Handler
                0x0800058c        0xc ..\obj\stm32f4xx_it.o
                0x0800058c                NMI_Handler
 .text.MemManage_Handler
                0x08000598        0x8 ..\obj\stm32f4xx_it.o
                0x08000598                MemManage_Handler
 .text.BusFault_Handler
                0x080005a0        0x8 ..\obj\stm32f4xx_it.o
                0x080005a0                BusFault_Handler
 .text.UsageFault_Handler
                0x080005a8        0x8 ..\obj\stm32f4xx_it.o
                0x080005a8                UsageFault_Handler
 .text.SVC_Handler
                0x080005b0        0xc ..\obj\stm32f4xx_it.o
                0x080005b0                SVC_Handler
 .text.DebugMon_Handler
                0x080005bc        0xc ..\obj\stm32f4xx_it.o
                0x080005bc                DebugMon_Handler
 .text.PendSV_Handler
                0x080005c8        0xc ..\obj\stm32f4xx_it.o
                0x080005c8                PendSV_Handler
 .text.SysTick_Handler
                0x080005d4        0xc ..\obj\stm32f4xx_it.o
                0x080005d4                SysTick_Handler
 .text.USART1_IRQHandler
                0x080005e0       0x38 ..\obj\stm32f4xx_it.o
                0x080005e0                USART1_IRQHandler
 .text.ADS7843_SPI_Init
                0x08000618       0x80 ..\obj\TouchPanel.o
 .text.TP_Init  0x08000698      0x138 ..\obj\TouchPanel.o
                0x08000698                TP_Init
 .text.DelayUS  0x080007d0       0x4c ..\obj\TouchPanel.o
 .text.WR_CMD   0x0800081c       0x60 ..\obj\TouchPanel.o
 .text.RD_AD    0x0800087c       0xe0 ..\obj\TouchPanel.o
 .text.Read_X   0x0800095c       0x50 ..\obj\TouchPanel.o
                0x0800095c                Read_X
 .text.Read_Y   0x080009ac       0x50 ..\obj\TouchPanel.o
                0x080009ac                Read_Y
 .text.TP_GetAdXY
                0x080009fc       0x34 ..\obj\TouchPanel.o
                0x080009fc                TP_GetAdXY
 .text.Read_Ads7846
                0x08000a30      0x318 ..\obj\TouchPanel.o
                0x08000a30                Read_Ads7846
 .text.setCalibrationMatrix
                0x08000d48      0x370 ..\obj\TouchPanel.o
                0x08000d48                setCalibrationMatrix
 .text.getDisplayPoint
                0x080010b8      0x150 ..\obj\TouchPanel.o
                0x080010b8                getDisplayPoint
 .text.TouchPanel_Calibrate
                0x08001208       0x80 ..\obj\TouchPanel.o
                0x08001208                TouchPanel_Calibrate
 .text.GetASCIICode
                0x08001288       0x3c ..\obj\AsciiLib.o
                0x08001288                GetASCIICode
 .text.PrintChar
                0x080012c4       0x1c ..\obj\printf.o
                0x080012c4                PrintChar
 .text.PutChar  0x080012e0       0x24 ..\obj\printf.o
                0x080012e0                PutChar
 .text.PutString
                0x08001304       0x48 ..\obj\printf.o
                0x08001304                PutString
 .text.PutUnsignedInt
                0x0800134c       0xbc ..\obj\printf.o
                0x0800134c                PutUnsignedInt
 .text.PutUnsignedLongLong
                0x08001408       0xc4 ..\obj\printf.o
                0x08001408                PutUnsignedLongLong
 .text.PutSignedInt
                0x080014cc      0x12c ..\obj\printf.o
                0x080014cc                PutSignedInt
 .text.PutHexa  0x080015f8       0xe8 ..\obj\printf.o
                0x080015f8                PutHexa
 .text.RoundFractionPart
                0x080016e0       0x6c ..\obj\printf.o
                0x080016e0                RoundFractionPart
 .text.PutDouble2
                0x0800174c      0x1c0 ..\obj\printf.o
                0x0800174c                PutDouble2
 .text.vsnprintf
                0x0800190c      0x3dc ..\obj\printf.o
                0x0800190c                vsnprintf
 .text.vsprintf
                0x08001ce8       0x28 ..\obj\printf.o
                0x08001ce8                vsprintf
 .text.vfprintf
                0x08001d10       0x6c ..\obj\printf.o
                0x08001d10                vfprintf
 .text.vprintf  0x08001d7c       0x2c ..\obj\printf.o
                0x08001d7c                vprintf
 .text.printf   0x08001da8       0x2c ..\obj\printf.o
                0x08001da8                printf
 .text.sprintf  0x08001dd4       0x30 ..\obj\printf.o
                0x08001dd4                sprintf
 .text.puts     0x08001e04       0x34 ..\obj\printf.o
                0x08001e04                puts
 .text.fputc    0x08001e38       0x4c ..\obj\printf.o
                0x08001e38                fputc
 .text.fputs    0x08001e84       0x50 ..\obj\printf.o
                0x08001e84                fputs
 .text.CheckBrackets
                0x08001ed4       0xdc ..\obj\check_expression.o
                0x08001ed4                CheckBrackets
 .text.CheckFirstActionSigns
                0x08001fb0      0x13c ..\obj\check_expression.o
                0x08001fb0                CheckFirstActionSigns
 .text.CheckSecondActionSigns
                0x080020ec      0x154 ..\obj\check_expression.o
                0x080020ec                CheckSecondActionSigns
 .text.CheckOperandsOnCommas
                0x08002240       0xa8 ..\obj\check_expression.o
                0x08002240                CheckOperandsOnCommas
 .text.CheckOtherStrangeCases
                0x080022e8       0x30 ..\obj\check_expression.o
                0x080022e8                CheckOtherStrangeCases
 .text.LCD_CtrlLinesConfig
                0x08002318      0x244 ..\obj\LCD.o
 .text.LCD_FSMCConfig
                0x0800255c       0xa4 ..\obj\LCD.o
 .text.LCD_Configuration
                0x08002600       0x3c ..\obj\LCD.o
 .text.delay_ms
                0x0800263c       0x48 ..\obj\LCD.o
 .text.LCD_Initializtion
                0x08002684     0x2040 ..\obj\LCD.o
                0x08002684                LCD_Initializtion
 .text.LCD_Clear
                0x080046c4       0xd0 ..\obj\LCD.o
                0x080046c4                LCD_Clear
 .text.LCD_SetCursor
                0x08004794       0xe0 ..\obj\LCD.o
 .text.LCD_SetPoint
                0x08004874       0x48 ..\obj\LCD.o
                0x08004874                LCD_SetPoint
 .text.LCD_DrawLine
                0x080048bc      0x1b0 ..\obj\LCD.o
                0x080048bc                LCD_DrawLine
 .text.LCD_DrawRectangle
                0x08004a6c       0x88 ..\obj\LCD.o
                0x08004a6c                LCD_DrawRectangle
 .text.LCD_FillRectangle
                0x08004af4       0x58 ..\obj\LCD.o
                0x08004af4                LCD_FillRectangle
 .text.LCD_FillRectangle2
                0x08004b4c      0x16c ..\obj\LCD.o
                0x08004b4c                LCD_FillRectangle2
 .text.PutChar1
                0x08004cb8       0xac ..\obj\LCD.o
                0x08004cb8                PutChar1
 .text.GUI_Text
                0x08004d64       0x78 ..\obj\LCD.o
                0x08004d64                GUI_Text
 .text.LCD_WriteIndex
                0x08004ddc       0x1c ..\obj\LCD.o
                0x08004ddc                LCD_WriteIndex
 .text.LCD_WriteData
                0x08004df8       0x20 ..\obj\LCD.o
                0x08004df8                LCD_WriteData
 .text.LCD_ReadData
                0x08004e18       0x18 ..\obj\LCD.o
                0x08004e18                LCD_ReadData
 .text.LCD_WriteReg
                0x08004e30       0x28 ..\obj\LCD.o
                0x08004e30                LCD_WriteReg
 .text.LCD_ReadReg
                0x08004e58       0x24 ..\obj\LCD.o
                0x08004e58                LCD_ReadReg
 .text.FSMC_NORSRAMInit
                0x08004e7c      0x150 ..\obj\stm32f4xx_fsmc.o
                0x08004e7c                FSMC_NORSRAMInit
 .text.FSMC_NORSRAMCmd
                0x08004fcc       0x54 ..\obj\stm32f4xx_fsmc.o
                0x08004fcc                FSMC_NORSRAMCmd
 .text.GPIO_Init
                0x08005020      0x144 ..\obj\stm32f4xx_gpio.o
                0x08005020                GPIO_Init
 .text.GPIO_ReadInputDataBit
                0x08005164       0x3c ..\obj\stm32f4xx_gpio.o
                0x08005164                GPIO_ReadInputDataBit
 .text.GPIO_SetBits
                0x080051a0       0x1c ..\obj\stm32f4xx_gpio.o
                0x080051a0                GPIO_SetBits
 .text.GPIO_ResetBits
                0x080051bc       0x1c ..\obj\stm32f4xx_gpio.o
                0x080051bc                GPIO_ResetBits
 .text.GPIO_PinAFConfig
                0x080051d8       0xa8 ..\obj\stm32f4xx_gpio.o
                0x080051d8                GPIO_PinAFConfig
 .text          0x08005280       0x30 ..\obj\sh_cmd.o
                0x08005280                SH_DoCommand
                0x08005296                HardFault_Handler
 .text._sbrk    0x080052b0       0x5c ..\obj\syscalls.o
                0x080052b0                _sbrk
 .text.GetNumberDigits
                0x0800530c       0x68 ..\obj\myftoa.o
                0x0800530c                GetNumberDigits
 .text.GetMultiplier
                0x08005374       0x68 ..\obj\myftoa.o
                0x08005374                GetMultiplier
 .text.BuildString
                0x080053dc      0x118 ..\obj\myftoa.o
                0x080053dc                BuildString
 .text.MyFtoa   0x080054f4      0x160 ..\obj\myftoa.o
                0x080054f4                MyFtoa
 .text.SPI_I2S_DeInit
                0x08005654       0x88 ..\obj\stm32f4xx_spi.o
                0x08005654                SPI_I2S_DeInit
 .text.SPI_Init
                0x080056dc       0x88 ..\obj\stm32f4xx_spi.o
                0x080056dc                SPI_Init
 .text.SPI_Cmd  0x08005764       0x40 ..\obj\stm32f4xx_spi.o
                0x08005764                SPI_Cmd
 .text.SPI_I2S_ReceiveData
                0x080057a4       0x1c ..\obj\stm32f4xx_spi.o
                0x080057a4                SPI_I2S_ReceiveData
 .text.SPI_I2S_SendData
                0x080057c0       0x1c ..\obj\stm32f4xx_spi.o
                0x080057c0                SPI_I2S_SendData
 .text.SPI_I2S_GetFlagStatus
                0x080057dc       0x40 ..\obj\stm32f4xx_spi.o
                0x080057dc                SPI_I2S_GetFlagStatus
 .text.FindBrackets
                0x0800581c       0x48 ..\obj\grammar.o
                0x0800581c                FindBrackets
 .text.GetBracketsMap
                0x08005864       0xa0 ..\obj\grammar.o
                0x08005864                GetBracketsMap
 .text.GetFirstBracketsActionPos
                0x08005904       0xb0 ..\obj\grammar.o
                0x08005904                GetFirstBracketsActionPos
 .text.GetPartOfExpression
                0x080059b4       0x7c ..\obj\grammar.o
                0x080059b4                GetPartOfExpression
 .text.DistributeExpression
                0x08005a30       0xb8 ..\obj\grammar.o
                0x08005a30                DistributeExpression
 .text.GetPositionOfFirstAction
                0x08005ae8       0xe8 ..\obj\grammar.o
                0x08005ae8                GetPositionOfFirstAction
 .text.GetOperands
                0x08005bd0      0x198 ..\obj\grammar.o
                0x08005bd0                GetOperands
 .text.DefineNegativePositiveParticipants
                0x08005d68       0xa0 ..\obj\grammar.o
                0x08005d68                DefineNegativePositiveParticipants
 .text.ReduceOperand
                0x08005e08      0x10c ..\obj\grammar.o
                0x08005e08                ReduceOperand
 .text.CheckEditOperands
                0x08005f14       0xc4 ..\obj\grammar.o
                0x08005f14                CheckEditOperands
 .text.EditResult
                0x08005fd8       0x54 ..\obj\grammar.o
                0x08005fd8                EditResult
 .text.CompoundExpression
                0x0800602c       0x38 ..\obj\grammar.o
                0x0800602c                CompoundExpression
 .text.ComputePart
                0x08006064      0x130 ..\obj\grammar.o
                0x08006064                ComputePart
 .text.IsComputed
                0x08006194       0x58 ..\obj\grammar.o
                0x08006194                IsComputed
 .text.ComputeExpression
                0x080061ec      0x248 ..\obj\grammar.o
                0x080061ec                ComputeExpression
 .text.IRF_Delay_BTN
                0x08006434       0x48 ..\obj\interface_calculator.o
                0x08006434                IRF_Delay_BTN
 .text.IRF_DrawButton
                0x0800647c       0x64 ..\obj\interface_calculator.o
                0x0800647c                IRF_DrawButton
 .text.IRF_DrawInterface
                0x080064e0       0xcc ..\obj\interface_calculator.o
                0x080064e0                IRF_DrawInterface
 .text.IRF_InfButtonPressed
                0x080065ac      0x41c ..\obj\interface_calculator.o
                0x080065ac                IRF_InfButtonPressed
 .text.IRF_Work
                0x080069c8      0x24c ..\obj\interface_calculator.o
                0x080069c8                IRF_Work
 .text.__fpclassifyd
                0x08006c14       0x68 c:/gnuarm/bin/../lib/gcc/arm-none-eabi/4.7.4/../../../../arm-none-eabi/lib/armv7e-m\libm.a(lib_a-s_fpclassify.o)
                0x08006c14                __fpclassifyd
 .text.pow      0x08006c7c      0x310 c:/gnuarm/bin/../lib/gcc/arm-none-eabi/4.7.4/../../../../arm-none-eabi/lib/armv7e-m\libm.a(lib_a-w_pow.o)
                0x08006c7c                pow
 *fill*         0x08006f8c        0x4 00
 .text.__ieee754_pow
                0x08006f90      0xb20 c:/gnuarm/bin/../lib/gcc/arm-none-eabi/4.7.4/../../../../arm-none-eabi/lib/armv7e-m\libm.a(lib_a-e_pow.o)
                0x08006f90                __ieee754_pow
 .text.__ieee754_sqrt
                0x08007ab0      0x208 c:/gnuarm/bin/../lib/gcc/arm-none-eabi/4.7.4/../../../../arm-none-eabi/lib/armv7e-m\libm.a(lib_a-e_sqrt.o)
                0x08007ab0                __ieee754_sqrt
 .text.fabs     0x08007cb8        0x8 c:/gnuarm/bin/../lib/gcc/arm-none-eabi/4.7.4/../../../../arm-none-eabi/lib/armv7e-m\libm.a(lib_a-s_fabs.o)
                0x08007cb8                fabs
 .text.finite   0x08007cc0        0xc c:/gnuarm/bin/../lib/gcc/arm-none-eabi/4.7.4/../../../../arm-none-eabi/lib/armv7e-m\libm.a(lib_a-s_finite.o)
                0x08007cc0                finite
 .text.matherr  0x08007ccc        0x4 c:/gnuarm/bin/../lib/gcc/arm-none-eabi/4.7.4/../../../../arm-none-eabi/lib/armv7e-m\libm.a(lib_a-s_matherr.o)
                0x08007ccc                matherr
 .text.nan      0x08007cd0        0xc c:/gnuarm/bin/../lib/gcc/arm-none-eabi/4.7.4/../../../../arm-none-eabi/lib/armv7e-m\libm.a(lib_a-s_nan.o)
                0x08007cd0                nan
 .text.rint     0x08007cdc      0x128 c:/gnuarm/bin/../lib/gcc/arm-none-eabi/4.7.4/../../../../arm-none-eabi/lib/armv7e-m\libm.a(lib_a-s_rint.o)
                0x08007cdc                rint
 *fill*         0x08007e04        0x4 00
 .text.scalbn   0x08007e08      0x108 c:/gnuarm/bin/../lib/gcc/arm-none-eabi/4.7.4/../../../../arm-none-eabi/lib/armv7e-m\libm.a(lib_a-s_scalbn.o)
                0x08007e08                scalbn
 .text.copysign
                0x08007f10       0x18 c:/gnuarm/bin/../lib/gcc/arm-none-eabi/4.7.4/../../../../arm-none-eabi/lib/armv7e-m\libm.a(lib_a-s_copysign.o)
                0x08007f10                copysign
 .text          0x08007f28      0x370 c:/gnuarm/bin/../lib/gcc/arm-none-eabi/4.7.4/armv7e-m\libgcc.a(_arm_addsubdf3.o)
                0x08007f28                __aeabi_drsub
                0x08007f30                __aeabi_dsub
                0x08007f30                __subdf3
                0x08007f34                __aeabi_dadd
                0x08007f34                __adddf3
                0x080081ac                __floatunsidf
                0x080081ac                __aeabi_ui2d
                0x080081cc                __floatsidf
                0x080081cc                __aeabi_i2d
                0x080081f0                __aeabi_f2d
                0x080081f0                __extendsfdf2
                0x0800822c                __floatundidf
                0x0800822c                __aeabi_ul2d
                0x0800823c                __floatdidf
                0x0800823c                __aeabi_l2d
 .text          0x08008298      0x424 c:/gnuarm/bin/../lib/gcc/arm-none-eabi/4.7.4/armv7e-m\libgcc.a(_arm_muldivdf3.o)
                0x08008298                __aeabi_dmul
                0x08008298                __muldf3
                0x080084ec                __divdf3
                0x080084ec                __aeabi_ddiv
 .text          0x080086bc      0x110 c:/gnuarm/bin/../lib/gcc/arm-none-eabi/4.7.4/armv7e-m\libgcc.a(_arm_cmpdf2.o)
                0x080086bc                __gtdf2
                0x080086bc                __gedf2
                0x080086c4                __ltdf2
                0x080086c4                __ledf2
                0x080086cc                __nedf2
                0x080086cc                __eqdf2
                0x080086cc                __cmpdf2
                0x08008748                __aeabi_cdrcmple
                0x08008758                __aeabi_cdcmpeq
                0x08008758                __aeabi_cdcmple
                0x08008768                __aeabi_dcmpeq
                0x0800877c                __aeabi_dcmplt
                0x08008790                __aeabi_dcmple
                0x080087a4                __aeabi_dcmpge
                0x080087b8                __aeabi_dcmpgt
 .text          0x080087cc       0x50 c:/gnuarm/bin/../lib/gcc/arm-none-eabi/4.7.4/armv7e-m\libgcc.a(_arm_fixdfsi.o)
                0x080087cc                __aeabi_d2iz
                0x080087cc                __fixdfsi
 .text          0x0800881c       0x40 c:/gnuarm/bin/../lib/gcc/arm-none-eabi/4.7.4/armv7e-m\libgcc.a(_arm_fixunsdfsi.o)
                0x0800881c                __aeabi_d2uiz
                0x0800881c                __fixunsdfsi
 .text          0x0800885c       0x2c c:/gnuarm/bin/../lib/gcc/arm-none-eabi/4.7.4/armv7e-m\libgcc.a(_aeabi_uldivmod.o)
                0x0800885c                __aeabi_uldivmod
 .text          0x08008888       0x44 c:/gnuarm/bin/../lib/gcc/arm-none-eabi/4.7.4/armv7e-m\libgcc.a(_fixunsdfdi.o)
                0x08008888                __fixunsdfdi
                0x08008888                __aeabi_d2ulz
 .text          0x080088cc       0x58 c:/gnuarm/bin/../lib/gcc/arm-none-eabi/4.7.4/armv7e-m\libgcc.a(bpabi.o)
                0x080088cc                __gnu_ldivmod_helper
                0x080088f8                __gnu_uldivmod_helper
 .text          0x08008924        0x4 c:/gnuarm/bin/../lib/gcc/arm-none-eabi/4.7.4/armv7e-m\libgcc.a(_dvmd_tls.o)
                0x08008924                __aeabi_idiv0
                0x08008924                __aeabi_ldiv0
 .text          0x08008928      0x2bc c:/gnuarm/bin/../lib/gcc/arm-none-eabi/4.7.4/armv7e-m\libgcc.a(_divdi3.o)
                0x08008928                __divdi3
 .text          0x08008be4      0x288 c:/gnuarm/bin/../lib/gcc/arm-none-eabi/4.7.4/armv7e-m\libgcc.a(_udivdi3.o)
                0x08008be4                __udivdi3
 .text.atof     0x08008e6c        0x8 c:/gnuarm/bin/../lib/gcc/arm-none-eabi/4.7.4/../../../../arm-none-eabi/lib/armv7e-m\libc.a(lib_a-atof.o)
                0x08008e6c                atof
 .text.atoi     0x08008e74        0x8 c:/gnuarm/bin/../lib/gcc/arm-none-eabi/4.7.4/../../../../arm-none-eabi/lib/armv7e-m\libc.a(lib_a-atoi.o)
                0x08008e74                atoi
 .text.calloc   0x08008e7c       0x18 c:/gnuarm/bin/../lib/gcc/arm-none-eabi/4.7.4/../../../../arm-none-eabi/lib/armv7e-m\libc.a(lib_a-calloc.o)
                0x08008e7c                calloc
 .text._calloc_r
                0x08008e94       0x60 c:/gnuarm/bin/../lib/gcc/arm-none-eabi/4.7.4/../../../../arm-none-eabi/lib/armv7e-m\libc.a(lib_a-callocr.o)
                0x08008e94                _calloc_r
 .text.__errno  0x08008ef4        0xc c:/gnuarm/bin/../lib/gcc/arm-none-eabi/4.7.4/../../../../arm-none-eabi/lib/armv7e-m\libc.a(lib_a-errno.o)
                0x08008ef4                __errno
 .text._malloc_r
                0x08008f00      0x55c c:/gnuarm/bin/../lib/gcc/arm-none-eabi/4.7.4/../../../../arm-none-eabi/lib/armv7e-m\libc.a(lib_a-mallocr.o)
                0x08008f00                _malloc_r
 .text.memset   0x0800945c      0x12c c:/gnuarm/bin/../lib/gcc/arm-none-eabi/4.7.4/../../../../arm-none-eabi/lib/armv7e-m\libc.a(lib_a-memset.o)
                0x0800945c                memset
 .text.__malloc_lock
                0x08009588        0x4 c:/gnuarm/bin/../lib/gcc/arm-none-eabi/4.7.4/../../../../arm-none-eabi/lib/armv7e-m\libc.a(lib_a-mlock.o)
                0x08009588                __malloc_lock
 .text.__malloc_unlock
                0x0800958c        0x4 c:/gnuarm/bin/../lib/gcc/arm-none-eabi/4.7.4/../../../../arm-none-eabi/lib/armv7e-m\libc.a(lib_a-mlock.o)
                0x0800958c                __malloc_unlock
 .text._sbrk_r  0x08009590       0x24 c:/gnuarm/bin/../lib/gcc/arm-none-eabi/4.7.4/../../../../arm-none-eabi/lib/armv7e-m\libc.a(lib_a-sbrkr.o)
                0x08009590                _sbrk_r
 .text.strcat   0x080095b4       0x4c c:/gnuarm/bin/../lib/gcc/arm-none-eabi/4.7.4/../../../../arm-none-eabi/lib/armv7e-m\libc.a(lib_a-strcat.o)
                0x080095b4                strcat
 .text.strchr   0x08009600       0xfc c:/gnuarm/bin/../lib/gcc/arm-none-eabi/4.7.4/../../../../arm-none-eabi/lib/armv7e-m\libc.a(lib_a-strchr.o)
                0x08009600                strchr
 .text.strcmp   0x080096fc       0x80 c:/gnuarm/bin/../lib/gcc/arm-none-eabi/4.7.4/../../../../arm-none-eabi/lib/armv7e-m\libc.a(lib_a-strcmp.o)
                0x080096fc                strcmp
 .text.strcmp_unaligned
                0x0800977c      0x15c c:/gnuarm/bin/../lib/gcc/arm-none-eabi/4.7.4/../../../../arm-none-eabi/lib/armv7e-m\libc.a(lib_a-strcmp.o)
 .text.strcpy   0x080098d8       0xbc c:/gnuarm/bin/../lib/gcc/arm-none-eabi/4.7.4/../../../../arm-none-eabi/lib/armv7e-m\libc.a(lib_a-strcpy.o)
                0x080098d8                strcpy
 .text.strlen   0x08009994       0x60 c:/gnuarm/bin/../lib/gcc/arm-none-eabi/4.7.4/../../../../arm-none-eabi/lib/armv7e-m\libc.a(lib_a-strlen.o)
                0x08009994                strlen
 .text.strncpy  0x080099f4      0x110 c:/gnuarm/bin/../lib/gcc/arm-none-eabi/4.7.4/../../../../arm-none-eabi/lib/armv7e-m\libc.a(lib_a-strncpy.o)
                0x080099f4                strncpy
 .text.critical_factorization
                0x08009b04       0xbc c:/gnuarm/bin/../lib/gcc/arm-none-eabi/4.7.4/../../../../arm-none-eabi/lib/armv7e-m\libc.a(lib_a-strstr.o)
 .text.two_way_long_needle
                0x08009bc0      0x318 c:/gnuarm/bin/../lib/gcc/arm-none-eabi/4.7.4/../../../../arm-none-eabi/lib/armv7e-m\libc.a(lib_a-strstr.o)
 .text.strstr   0x08009ed8      0x2f0 c:/gnuarm/bin/../lib/gcc/arm-none-eabi/4.7.4/../../../../arm-none-eabi/lib/armv7e-m\libc.a(lib_a-strstr.o)
                0x08009ed8                strstr
 .text._strtod_r
                0x0800a1c8      0xeb0 c:/gnuarm/bin/../lib/gcc/arm-none-eabi/4.7.4/../../../../arm-none-eabi/lib/armv7e-m\libc.a(lib_a-strtod.o)
                0x0800a1c8                _strtod_r
 .text.strtod   0x0800b078       0x18 c:/gnuarm/bin/../lib/gcc/arm-none-eabi/4.7.4/../../../../arm-none-eabi/lib/armv7e-m\libc.a(lib_a-strtod.o)
                0x0800b078                strtod
 .text._strtol_r
                0x0800b090      0x134 c:/gnuarm/bin/../lib/gcc/arm-none-eabi/4.7.4/../../../../arm-none-eabi/lib/armv7e-m\libc.a(lib_a-strtol.o)
                0x0800b090                _strtol_r
 .text.strtol   0x0800b1c4       0x1c c:/gnuarm/bin/../lib/gcc/arm-none-eabi/4.7.4/../../../../arm-none-eabi/lib/armv7e-m\libc.a(lib_a-strtol.o)
                0x0800b1c4                strtol
 .text._malloc_trim_r
                0x0800b1e0       0x98 c:/gnuarm/bin/../lib/gcc/arm-none-eabi/4.7.4/../../../../arm-none-eabi/lib/armv7e-m\libc.a(lib_a-freer.o)
                0x0800b1e0                _malloc_trim_r
 .text._free_r  0x0800b278      0x194 c:/gnuarm/bin/../lib/gcc/arm-none-eabi/4.7.4/../../../../arm-none-eabi/lib/armv7e-m\libc.a(lib_a-freer.o)
                0x0800b278                _free_r
 .text.rshift   0x0800b40c      0x13c c:/gnuarm/bin/../lib/gcc/arm-none-eabi/4.7.4/../../../../arm-none-eabi/lib/armv7e-m\libc.a(lib_a-gdtoa-gethex.o)
 .text.__hexdig_init
                0x0800b548       0x50 c:/gnuarm/bin/../lib/gcc/arm-none-eabi/4.7.4/../../../../arm-none-eabi/lib/armv7e-m\libc.a(lib_a-gdtoa-gethex.o)
                0x0800b548                __hexdig_init
 .text.__gethex
                0x0800b598      0x58c c:/gnuarm/bin/../lib/gcc/arm-none-eabi/4.7.4/../../../../arm-none-eabi/lib/armv7e-m\libc.a(lib_a-gdtoa-gethex.o)
                0x0800b598                __gethex
 .text.__hexnan
                0x0800bb24      0x2f0 c:/gnuarm/bin/../lib/gcc/arm-none-eabi/4.7.4/../../../../arm-none-eabi/lib/armv7e-m\libc.a(lib_a-gdtoa-hexnan.o)
                0x0800bb24                __hexnan
 .text._localeconv_r
                0x0800be14        0xc c:/gnuarm/bin/../lib/gcc/arm-none-eabi/4.7.4/../../../../arm-none-eabi/lib/armv7e-m\libc.a(lib_a-locale.o)
                0x0800be14                _localeconv_r
 .text.memchr   0x0800be20      0x140 c:/gnuarm/bin/../lib/gcc/arm-none-eabi/4.7.4/../../../../arm-none-eabi/lib/armv7e-m\libc.a(lib_a-memchr.o)
                0x0800be20                memchr
 .text.memcmp   0x0800bf60       0xb8 c:/gnuarm/bin/../lib/gcc/arm-none-eabi/4.7.4/../../../../arm-none-eabi/lib/armv7e-m\libc.a(lib_a-memcmp.o)
                0x0800bf60                memcmp
 .text.memcpy   0x0800c018      0x144 c:/gnuarm/bin/../lib/gcc/arm-none-eabi/4.7.4/../../../../arm-none-eabi/lib/armv7e-m\libc.a(lib_a-memcpy.o)
                0x0800c018                memcpy
 .text._Balloc  0x0800c15c       0x4c c:/gnuarm/bin/../lib/gcc/arm-none-eabi/4.7.4/../../../../arm-none-eabi/lib/armv7e-m\libc.a(lib_a-mprec.o)
                0x0800c15c                _Balloc
 .text._Bfree   0x0800c1a8       0x14 c:/gnuarm/bin/../lib/gcc/arm-none-eabi/4.7.4/../../../../arm-none-eabi/lib/armv7e-m\libc.a(lib_a-mprec.o)
                0x0800c1a8                _Bfree
 .text.__multadd
                0x0800c1bc       0xf8 c:/gnuarm/bin/../lib/gcc/arm-none-eabi/4.7.4/../../../../arm-none-eabi/lib/armv7e-m\libc.a(lib_a-mprec.o)
                0x0800c1bc                __multadd
 .text.__s2b    0x0800c2b4      0x140 c:/gnuarm/bin/../lib/gcc/arm-none-eabi/4.7.4/../../../../arm-none-eabi/lib/armv7e-m\libc.a(lib_a-mprec.o)
                0x0800c2b4                __s2b
 .text.__hi0bits
                0x0800c3f4       0x3c c:/gnuarm/bin/../lib/gcc/arm-none-eabi/4.7.4/../../../../arm-none-eabi/lib/armv7e-m\libc.a(lib_a-mprec.o)
                0x0800c3f4                __hi0bits
 .text.__lo0bits
                0x0800c430       0x5c c:/gnuarm/bin/../lib/gcc/arm-none-eabi/4.7.4/../../../../arm-none-eabi/lib/armv7e-m\libc.a(lib_a-mprec.o)
                0x0800c430                __lo0bits
 .text.__i2b    0x0800c48c       0x14 c:/gnuarm/bin/../lib/gcc/arm-none-eabi/4.7.4/../../../../arm-none-eabi/lib/armv7e-m\libc.a(lib_a-mprec.o)
                0x0800c48c                __i2b
 .text.__multiply
                0x0800c4a0      0x2d0 c:/gnuarm/bin/../lib/gcc/arm-none-eabi/4.7.4/../../../../arm-none-eabi/lib/armv7e-m\libc.a(lib_a-mprec.o)
                0x0800c4a0                __multiply
 .text.__pow5mult
                0x0800c770       0x94 c:/gnuarm/bin/../lib/gcc/arm-none-eabi/4.7.4/../../../../arm-none-eabi/lib/armv7e-m\libc.a(lib_a-mprec.o)
                0x0800c770                __pow5mult
 .text.__lshift
                0x0800c804      0x188 c:/gnuarm/bin/../lib/gcc/arm-none-eabi/4.7.4/../../../../arm-none-eabi/lib/armv7e-m\libc.a(lib_a-mprec.o)
                0x0800c804                __lshift
 .text.__mcmp   0x0800c98c       0x5c c:/gnuarm/bin/../lib/gcc/arm-none-eabi/4.7.4/../../../../arm-none-eabi/lib/armv7e-m\libc.a(lib_a-mprec.o)
                0x0800c98c                __mcmp
 .text.__mdiff  0x0800c9e8      0x20c c:/gnuarm/bin/../lib/gcc/arm-none-eabi/4.7.4/../../../../arm-none-eabi/lib/armv7e-m\libc.a(lib_a-mprec.o)
                0x0800c9e8                __mdiff
 .text.__ulp    0x0800cbf4       0x44 c:/gnuarm/bin/../lib/gcc/arm-none-eabi/4.7.4/../../../../arm-none-eabi/lib/armv7e-m\libc.a(lib_a-mprec.o)
                0x0800cbf4                __ulp
 .text.__b2d    0x0800cc38       0xbc c:/gnuarm/bin/../lib/gcc/arm-none-eabi/4.7.4/../../../../arm-none-eabi/lib/armv7e-m\libc.a(lib_a-mprec.o)
                0x0800cc38                __b2d
 .text.__d2b    0x0800ccf4       0xc0 c:/gnuarm/bin/../lib/gcc/arm-none-eabi/4.7.4/../../../../arm-none-eabi/lib/armv7e-m\libc.a(lib_a-mprec.o)
                0x0800ccf4                __d2b
 .text.__ratio  0x0800cdb4       0x54 c:/gnuarm/bin/../lib/gcc/arm-none-eabi/4.7.4/../../../../arm-none-eabi/lib/armv7e-m\libc.a(lib_a-mprec.o)
                0x0800cdb4                __ratio
 .text.__copybits
                0x0800ce08       0xa4 c:/gnuarm/bin/../lib/gcc/arm-none-eabi/4.7.4/../../../../arm-none-eabi/lib/armv7e-m\libc.a(lib_a-mprec.o)
                0x0800ce08                __copybits
 .text.__any_on
                0x0800ceac       0x74 c:/gnuarm/bin/../lib/gcc/arm-none-eabi/4.7.4/../../../../arm-none-eabi/lib/armv7e-m\libc.a(lib_a-mprec.o)
                0x0800ceac                __any_on
 .text.strncmp  0x0800cf20      0x120 c:/gnuarm/bin/../lib/gcc/arm-none-eabi/4.7.4/../../../../arm-none-eabi/lib/armv7e-m\libc.a(lib_a-strncmp.o)
                0x0800cf20                strncmp
 *(.glue_7t)
 .glue_7t       0x00000000        0x0 linker stubs
 *(.glue_7)
 .glue_7        0x00000000        0x0 linker stubs
 *(.rodata .rodata* .gnu.linkonce.r.*)
 .rodata        0x0800d040       0x38 ..\obj\stm32f4xx_it.o
 .rodata        0x0800d078      0x5f0 ..\obj\AsciiLib.o
 .rodata        0x0800d668       0x38 ..\obj\printf.o
 .rodata        0x0800d6a0       0x18 ..\obj\check_expression.o
 .rodata        0x0800d6b8       0x18 ..\obj\myftoa.o
 .rodata        0x0800d6d0       0x78 ..\obj\grammar.o
 .rodata        0x0800d748       0xb4 ..\obj\interface_calculator.o
 .rodata.str1.4
                0x0800d7fc        0x4 c:/gnuarm/bin/../lib/gcc/arm-none-eabi/4.7.4/../../../../arm-none-eabi/lib/armv7e-m\libm.a(lib_a-w_pow.o)
 .rodata.dp_h   0x0800d800       0x10 c:/gnuarm/bin/../lib/gcc/arm-none-eabi/4.7.4/../../../../arm-none-eabi/lib/armv7e-m\libm.a(lib_a-e_pow.o)
 .rodata.dp_l   0x0800d810       0x10 c:/gnuarm/bin/../lib/gcc/arm-none-eabi/4.7.4/../../../../arm-none-eabi/lib/armv7e-m\libm.a(lib_a-e_pow.o)
 .rodata.bp     0x0800d820       0x10 c:/gnuarm/bin/../lib/gcc/arm-none-eabi/4.7.4/../../../../arm-none-eabi/lib/armv7e-m\libm.a(lib_a-e_pow.o)
 .rodata.str1.4
                0x0800d830        0x1 c:/gnuarm/bin/../lib/gcc/arm-none-eabi/4.7.4/../../../../arm-none-eabi/lib/armv7e-m\libm.a(lib_a-e_pow.o)
                                  0x4 (size before relaxing)
 *fill*         0x0800d831        0x7 00
 .rodata.TWO52  0x0800d838       0x10 c:/gnuarm/bin/../lib/gcc/arm-none-eabi/4.7.4/../../../../arm-none-eabi/lib/armv7e-m\libm.a(lib_a-s_rint.o)
 .rodata.str1.4
                0x0800d848        0xf c:/gnuarm/bin/../lib/gcc/arm-none-eabi/4.7.4/../../../../arm-none-eabi/lib/armv7e-m\libc.a(lib_a-strtod.o)
                                 0x10 (size before relaxing)
 *fill*         0x0800d857        0x1 00
 .rodata.tinytens
                0x0800d858       0x28 c:/gnuarm/bin/../lib/gcc/arm-none-eabi/4.7.4/../../../../arm-none-eabi/lib/armv7e-m\libc.a(lib_a-strtod.o)
 .rodata._ctype_
                0x0800d880      0x104 c:/gnuarm/bin/../lib/gcc/arm-none-eabi/4.7.4/../../../../arm-none-eabi/lib/armv7e-m\libc.a(lib_a-ctype_.o)
                0x0800d880                _ctype_
 .rodata.str1.4
                0x0800d984       0x1b c:/gnuarm/bin/../lib/gcc/arm-none-eabi/4.7.4/../../../../arm-none-eabi/lib/armv7e-m\libc.a(lib_a-gdtoa-gethex.o)
                                 0x1c (size before relaxing)
 *fill*         0x0800d99f        0x1 00
 .rodata.str1.4
                0x0800d9a0       0x10 c:/gnuarm/bin/../lib/gcc/arm-none-eabi/4.7.4/../../../../arm-none-eabi/lib/armv7e-m\libc.a(lib_a-locale.o)
                                 0x14 (size before relaxing)
 .rodata.p05.5242
                0x0800d9b0        0xc c:/gnuarm/bin/../lib/gcc/arm-none-eabi/4.7.4/../../../../arm-none-eabi/lib/armv7e-m\libc.a(lib_a-mprec.o)
 *fill*         0x0800d9bc        0x4 00
 .rodata.__mprec_tens
                0x0800d9c0       0xc8 c:/gnuarm/bin/../lib/gcc/arm-none-eabi/4.7.4/../../../../arm-none-eabi/lib/armv7e-m\libc.a(lib_a-mprec.o)
                0x0800d9c0                __mprec_tens
 .rodata.__mprec_bigtens
                0x0800da88       0x28 c:/gnuarm/bin/../lib/gcc/arm-none-eabi/4.7.4/../../../../arm-none-eabi/lib/armv7e-m\libc.a(lib_a-mprec.o)
                0x0800da88                __mprec_bigtens

.vfp11_veneer   0x0800dab0        0x0
 .vfp11_veneer  0x00000000        0x0 linker stubs

.v4_bx          0x0800dab0        0x0
 .v4_bx         0x00000000        0x0 linker stubs

.iplt           0x0800dab0        0x0
 .iplt          0x00000000        0x0 ..\obj\semihosting.o

.ARM.extab
 *(.ARM.extab* .gnu.linkonce.armextab.*)
                0x0800dab0                __exidx_start = .

.ARM.exidx      0x0800dab0        0x8
 *(.ARM.exidx* .gnu.linkonce.armexidx.*)
 .ARM.exidx     0x0800dab0        0x8 c:/gnuarm/bin/../lib/gcc/arm-none-eabi/4.7.4/armv7e-m\libgcc.a(_divdi3.o)
 .ARM.exidx     0x0800dab8        0x0 c:/gnuarm/bin/../lib/gcc/arm-none-eabi/4.7.4/armv7e-m\libgcc.a(_udivdi3.o)
                                  0x8 (size before relaxing)
                0x0800dab8                __exidx_end = .

.rel.dyn        0x0800dab8        0x0
 .rel.iplt      0x00000000        0x0 ..\obj\semihosting.o
                0x0800dab8                . = ALIGN (0x4)
                0x0800dab8                _etext = .
                0x0800dab8                _sidata = .

.data           0x20000000      0xac4 load address 0x0800dab8
                0x20000000                _sdata = .
 *(.data .data.*)
 .data          0x20000000        0xc ..\obj\TouchPanel.o
                0x20000000                DisplaySample
 *fill*         0x2000000c        0x4 00
 .data          0x20000010      0x430 ..\obj\printf.o
                0x20000010                r
                0x20000438                _impure_ptr
 .data          0x20000440       0x28 ..\obj\grammar.o
                0x20000440                first_priority_actions
                0x20000454                second_priority_actions
 .data          0x20000468      0x1e4 ..\obj\interface_calculator.o
                0x20000468                keys
                0x20000648                f_finished
 .data.__fdlib_version
                0x2000064c        0x1 c:/gnuarm/bin/../lib/gcc/arm-none-eabi/4.7.4/../../../../arm-none-eabi/lib/armv7e-m\libm.a(lib_a-s_lib_ver.o)
                0x2000064c                __fdlib_version
 *fill*         0x2000064d        0x3 00
 .data.__malloc_av_
                0x20000650      0x408 c:/gnuarm/bin/../lib/gcc/arm-none-eabi/4.7.4/../../../../arm-none-eabi/lib/armv7e-m\libc.a(lib_a-mallocr.o)
                0x20000650                __malloc_av_
 .data.__malloc_trim_threshold
                0x20000a58        0x4 c:/gnuarm/bin/../lib/gcc/arm-none-eabi/4.7.4/../../../../arm-none-eabi/lib/armv7e-m\libc.a(lib_a-mallocr.o)
                0x20000a58                __malloc_trim_threshold
 .data.__malloc_sbrk_base
                0x20000a5c        0x4 c:/gnuarm/bin/../lib/gcc/arm-none-eabi/4.7.4/../../../../arm-none-eabi/lib/armv7e-m\libc.a(lib_a-mallocr.o)
                0x20000a5c                __malloc_sbrk_base
 .data.fpi.5202
                0x20000a60       0x14 c:/gnuarm/bin/../lib/gcc/arm-none-eabi/4.7.4/../../../../arm-none-eabi/lib/armv7e-m\libc.a(lib_a-strtod.o)
 .data.fpinan.5238
                0x20000a74       0x14 c:/gnuarm/bin/../lib/gcc/arm-none-eabi/4.7.4/../../../../arm-none-eabi/lib/armv7e-m\libc.a(lib_a-strtod.o)
 .data.__ctype_ptr__
                0x20000a88        0x4 c:/gnuarm/bin/../lib/gcc/arm-none-eabi/4.7.4/../../../../arm-none-eabi/lib/armv7e-m\libc.a(lib_a-ctype_.o)
                0x20000a88                __ctype_ptr__
 .data.lconv    0x20000a8c       0x38 c:/gnuarm/bin/../lib/gcc/arm-none-eabi/4.7.4/../../../../arm-none-eabi/lib/armv7e-m\libc.a(lib_a-locale.o)
                0x20000ac4                . = ALIGN (0x4)
                0x20000ac4                _edata = .

.igot.plt       0x20000ac4        0x0 load address 0x0800e57c
 .igot.plt      0x00000000        0x0 ..\obj\semihosting.o

.bss            0x20000ac8      0x1a8 load address 0x0800e580
                0x20000ac8                _sbss = .
 *(.bss .bss.*)
 .bss           0x20000ac8       0x14 ..\obj\semihosting.o
 .bss           0x20000adc        0x4 ..\obj\TouchPanel.o
 .bss           0x20000ae0        0x1 ..\obj\LCD.o
 *fill*         0x20000ae1        0x3 00
 .bss           0x20000ae4        0x4 ..\obj\syscalls.o
 .bss.__malloc_max_total_mem
                0x20000ae8        0x4 c:/gnuarm/bin/../lib/gcc/arm-none-eabi/4.7.4/../../../../arm-none-eabi/lib/armv7e-m\libc.a(lib_a-mallocr.o)
                0x20000ae8                __malloc_max_total_mem
 .bss.__malloc_max_sbrked_mem
                0x20000aec        0x4 c:/gnuarm/bin/../lib/gcc/arm-none-eabi/4.7.4/../../../../arm-none-eabi/lib/armv7e-m\libc.a(lib_a-mallocr.o)
                0x20000aec                __malloc_max_sbrked_mem
 .bss.__malloc_top_pad
                0x20000af0        0x4 c:/gnuarm/bin/../lib/gcc/arm-none-eabi/4.7.4/../../../../arm-none-eabi/lib/armv7e-m\libc.a(lib_a-mallocr.o)
                0x20000af0                __malloc_top_pad
 .bss.__malloc_current_mallinfo
                0x20000af4       0x28 c:/gnuarm/bin/../lib/gcc/arm-none-eabi/4.7.4/../../../../arm-none-eabi/lib/armv7e-m\libc.a(lib_a-mallocr.o)
                0x20000af4                __malloc_current_mallinfo
 *(COMMON)
 *fill*         0x20000b1c        0x4 00
 COMMON         0x20000b20       0x48 ..\obj\TouchPanel.o
                0x20000b20                display
                0x20000b24                ScreenSample
                0x20000b30                matrix
 COMMON         0x20000b68        0x4 ..\obj\LCD.o
                0x20000b68                i
                0x20000b6a                DeviceCode
 COMMON         0x20000b6c      0x100 c:/gnuarm/bin/../lib/gcc/arm-none-eabi/4.7.4/../../../../arm-none-eabi/lib/armv7e-m\libc.a(lib_a-gdtoa-gethex.o)
                0x20000b6c                __hexdig
 COMMON         0x20000c6c        0x4 c:/gnuarm/bin/../lib/gcc/arm-none-eabi/4.7.4/../../../../arm-none-eabi/lib/armv7e-m\libc.a(lib_a-reent.o)
                0x20000c6c                errno
                0x20000c70                . = ALIGN (0x4)
                0x20000c70                _ebss = .

.co_stack       0x20000c70      0x800 load address 0x0800e728
                0x20000c70                . = ALIGN (0x8)
 *(.co_stack .co_stack.*)
 .co_stack      0x20000c70      0x800 ..\obj\stm32f4xx_Startup.o
                0x20000c70                pulStack
                0x20001470                . = ALIGN (0x4)
                0x20001470                _end = .
LOAD ..\obj\semihosting.o
LOAD ..\obj\free_memory.o
LOAD ..\obj\stm32f4xx_syscfg.o
LOAD ..\obj\stm32f4xx_sdio.o
LOAD ..\obj\stm32f4xx_cryp_aes.o
LOAD ..\obj\stm32f4xx_hash.o
LOAD ..\obj\stm32f4xx_hash_sha1.o
LOAD ..\obj\stm32f4xx_Startup.o
LOAD ..\obj\stm32f4xx_usart.o
LOAD ..\obj\stm32f4xx_pwr.o
LOAD ..\obj\stm32f4xx_can.o
LOAD ..\obj\stm32f4xx_wwdg.o
LOAD ..\obj\stm32f4xx_hash_md5.o
LOAD ..\obj\stm32f4xx_dac.o
LOAD ..\obj\stm32f4xx_crc.o
LOAD ..\obj\stm32f4xx_iwdg.o
LOAD ..\obj\main.o
LOAD ..\obj\polish_notation.o
LOAD ..\obj\stm32f4xx_rcc.o
LOAD ..\obj\stm32f4xx_it.o
LOAD ..\obj\TouchPanel.o
LOAD ..\obj\stm32f4xx_adc.o
LOAD ..\obj\AsciiLib.o
LOAD ..\obj\printf.o
LOAD ..\obj\stm32f4xx_dcmi.o
LOAD ..\obj\check_expression.o
LOAD ..\obj\LCD.o
LOAD ..\obj\stm32f4xx_cryp_des.o
LOAD ..\obj\stm32f4xx_cryp.o
LOAD ..\obj\stm32f4xx_fsmc.o
LOAD ..\obj\stm32f4xx_gpio.o
LOAD ..\obj\stm32f4xx_flash.o
LOAD ..\obj\sh_cmd.o
LOAD ..\obj\syscalls.o
LOAD ..\obj\stm32f4xx_dma.o
LOAD ..\obj\stack.o
LOAD ..\obj\myftoa.o
LOAD ..\obj\stm32f4xx_spi.o
LOAD ..\obj\stm32f4xx_i2c.o
LOAD ..\obj\stm32f4xx_rng.o
LOAD ..\obj\stm32f4xx_exti.o
LOAD ..\obj\grammar.o
LOAD ..\obj\misc.o
LOAD ..\obj\stm32f4xx_rtc.o
LOAD ..\obj\interface_calculator.o
LOAD ..\obj\stm32f4xx_cryp_tdes.o
LOAD ..\obj\stm32f4xx_tim.o
LOAD ..\obj\stm32f4xx_dbgmcu.o
LOAD ..\obj\usart.o
LOAD c:/gnuarm/bin/../lib/gcc/arm-none-eabi/4.7.4/../../../../arm-none-eabi/lib/armv7e-m\libm.a
LOAD c:/gnuarm/bin/../lib/gcc/arm-none-eabi/4.7.4/armv7e-m\libgcc.a
LOAD c:/gnuarm/bin/../lib/gcc/arm-none-eabi/4.7.4/../../../../arm-none-eabi/lib/armv7e-m\libc.a
START GROUP
LOAD c:/gnuarm/bin/../lib/gcc/arm-none-eabi/4.7.4/armv7e-m\libgcc.a
LOAD c:/gnuarm/bin/../lib/gcc/arm-none-eabi/4.7.4/../../../../arm-none-eabi/lib/armv7e-m\libg.a
LOAD c:/gnuarm/bin/../lib/gcc/arm-none-eabi/4.7.4/../../../../arm-none-eabi/lib/armv7e-m\libc.a
END GROUP
OUTPUT(projectApp.elf elf32-littlearm)

.debug_info     0x00000000     0x7822
 .debug_info    0x00000000      0x135 ..\obj\semihosting.o
 .debug_info    0x00000135      0x333 ..\obj\stm32f4xx_Startup.o
 .debug_info    0x00000468      0xa60 ..\obj\stm32f4xx_usart.o
 .debug_info    0x00000ec8      0x1ad ..\obj\main.o
 .debug_info    0x00001075      0xd37 ..\obj\stm32f4xx_rcc.o
 .debug_info    0x00001dac      0x278 ..\obj\stm32f4xx_it.o
 .debug_info    0x00002024      0x9be ..\obj\TouchPanel.o
 .debug_info    0x000029e2       0xe6 ..\obj\AsciiLib.o
 .debug_info    0x00002ac8     0x1280 ..\obj\printf.o
 .debug_info    0x00003d48      0x240 ..\obj\check_expression.o
 .debug_info    0x00003f88      0xb1c ..\obj\LCD.o
 .debug_info    0x00004aa4      0x9ac ..\obj\stm32f4xx_fsmc.o
 .debug_info    0x00005450      0x642 ..\obj\stm32f4xx_gpio.o
 .debug_info    0x00005a92       0x7c ..\obj\sh_cmd.o
 .debug_info    0x00005b0e      0x443 ..\obj\syscalls.o
 .debug_info    0x00005f51      0x27f ..\obj\myftoa.o
 .debug_info    0x000061d0      0xbd9 ..\obj\stm32f4xx_spi.o
 .debug_info    0x00006da9      0x6b5 ..\obj\grammar.o
 .debug_info    0x0000745e      0x3c4 ..\obj\interface_calculator.o

.debug_abbrev   0x00000000     0x17c4
 .debug_abbrev  0x00000000       0xa0 ..\obj\semihosting.o
 .debug_abbrev  0x000000a0      0x11c ..\obj\stm32f4xx_Startup.o
 .debug_abbrev  0x000001bc      0x157 ..\obj\stm32f4xx_usart.o
 .debug_abbrev  0x00000313       0xc3 ..\obj\main.o
 .debug_abbrev  0x000003d6      0x1e5 ..\obj\stm32f4xx_rcc.o
 .debug_abbrev  0x000005bb       0xd8 ..\obj\stm32f4xx_it.o
 .debug_abbrev  0x00000693      0x25b ..\obj\TouchPanel.o
 .debug_abbrev  0x000008ee       0x84 ..\obj\AsciiLib.o
 .debug_abbrev  0x00000972      0x262 ..\obj\printf.o
 .debug_abbrev  0x00000bd4       0xa1 ..\obj\check_expression.o
 .debug_abbrev  0x00000c75      0x25b ..\obj\LCD.o
 .debug_abbrev  0x00000ed0      0x172 ..\obj\stm32f4xx_fsmc.o
 .debug_abbrev  0x00001042      0x198 ..\obj\stm32f4xx_gpio.o
 .debug_abbrev  0x000011da       0x14 ..\obj\sh_cmd.o
 .debug_abbrev  0x000011ee       0xe4 ..\obj\syscalls.o
 .debug_abbrev  0x000012d2       0xb4 ..\obj\myftoa.o
 .debug_abbrev  0x00001386      0x169 ..\obj\stm32f4xx_spi.o
 .debug_abbrev  0x000014ef      0x157 ..\obj\grammar.o
 .debug_abbrev  0x00001646      0x17e ..\obj\interface_calculator.o

.debug_loc      0x00000000     0x34dd
 .debug_loc     0x00000000       0xa8 ..\obj\semihosting.o
 .debug_loc     0x000000a8       0x64 ..\obj\stm32f4xx_Startup.o
 .debug_loc     0x0000010c      0x658 ..\obj\stm32f4xx_usart.o
 .debug_loc     0x00000764       0x38 ..\obj\main.o
 .debug_loc     0x0000079c      0x97c ..\obj\stm32f4xx_rcc.o
 .debug_loc     0x00001118      0x18c ..\obj\stm32f4xx_it.o
 .debug_loc     0x000012a4      0x33e ..\obj\TouchPanel.o
 .debug_loc     0x000015e2       0x38 ..\obj\AsciiLib.o
 .debug_loc     0x0000161a      0x507 ..\obj\printf.o
 .debug_loc     0x00001b21      0x150 ..\obj\check_expression.o
 .debug_loc     0x00001c71      0x482 ..\obj\LCD.o
 .debug_loc     0x000020f3      0x41c ..\obj\stm32f4xx_fsmc.o
 .debug_loc     0x0000250f      0x310 ..\obj\stm32f4xx_gpio.o
 .debug_loc     0x0000281f      0x1ec ..\obj\syscalls.o
 .debug_loc     0x00002a0b       0xe2 ..\obj\myftoa.o
 .debug_loc     0x00002aed      0x578 ..\obj\stm32f4xx_spi.o
 .debug_loc     0x00003065      0x348 ..\obj\grammar.o
 .debug_loc     0x000033ad      0x130 ..\obj\interface_calculator.o

.debug_aranges  0x00000000      0x970
 .debug_aranges
                0x00000000       0x30 ..\obj\semihosting.o
 .debug_aranges
                0x00000030       0x28 ..\obj\stm32f4xx_Startup.o
 .debug_aranges
                0x00000058      0x100 ..\obj\stm32f4xx_usart.o
 .debug_aranges
                0x00000158       0x20 ..\obj\main.o
 .debug_aranges
                0x00000178      0x178 ..\obj\stm32f4xx_rcc.o
 .debug_aranges
                0x000002f0       0x60 ..\obj\stm32f4xx_it.o
 .debug_aranges
                0x00000350       0x90 ..\obj\TouchPanel.o
 .debug_aranges
                0x000003e0       0x20 ..\obj\AsciiLib.o
 .debug_aranges
                0x00000400       0xc8 ..\obj\printf.o
 .debug_aranges
                0x000004c8       0x48 ..\obj\check_expression.o
 .debug_aranges
                0x00000510       0xc0 ..\obj\LCD.o
 .debug_aranges
                0x000005d0       0xb0 ..\obj\stm32f4xx_fsmc.o
 .debug_aranges
                0x00000680       0x88 ..\obj\stm32f4xx_gpio.o
 .debug_aranges
                0x00000708       0x20 ..\obj\sh_cmd.o
 .debug_aranges
                0x00000728       0x60 ..\obj\syscalls.o
 .debug_aranges
                0x00000788       0x38 ..\obj\myftoa.o
 .debug_aranges
                0x000007c0       0xe0 ..\obj\stm32f4xx_spi.o
 .debug_aranges
                0x000008a0       0x90 ..\obj\grammar.o
 .debug_aranges
                0x00000930       0x40 ..\obj\interface_calculator.o

.debug_ranges   0x00000000      0x860
 .debug_ranges  0x00000000       0x20 ..\obj\semihosting.o
 .debug_ranges  0x00000020       0x18 ..\obj\stm32f4xx_Startup.o
 .debug_ranges  0x00000038       0xf0 ..\obj\stm32f4xx_usart.o
 .debug_ranges  0x00000128       0x10 ..\obj\main.o
 .debug_ranges  0x00000138      0x168 ..\obj\stm32f4xx_rcc.o
 .debug_ranges  0x000002a0       0x50 ..\obj\stm32f4xx_it.o
 .debug_ranges  0x000002f0       0x80 ..\obj\TouchPanel.o
 .debug_ranges  0x00000370       0x10 ..\obj\AsciiLib.o
 .debug_ranges  0x00000380       0xb8 ..\obj\printf.o
 .debug_ranges  0x00000438       0x38 ..\obj\check_expression.o
 .debug_ranges  0x00000470       0xb0 ..\obj\LCD.o
 .debug_ranges  0x00000520       0xa0 ..\obj\stm32f4xx_fsmc.o
 .debug_ranges  0x000005c0       0x78 ..\obj\stm32f4xx_gpio.o
 .debug_ranges  0x00000638       0x50 ..\obj\syscalls.o
 .debug_ranges  0x00000688       0x28 ..\obj\myftoa.o
 .debug_ranges  0x000006b0       0xd0 ..\obj\stm32f4xx_spi.o
 .debug_ranges  0x00000780       0xb0 ..\obj\grammar.o
 .debug_ranges  0x00000830       0x30 ..\obj\interface_calculator.o

.debug_line     0x00000000     0x356a
 .debug_line    0x00000000       0x99 ..\obj\semihosting.o
 .debug_line    0x00000099      0x15f ..\obj\stm32f4xx_Startup.o
 .debug_line    0x000001f8      0x4c2 ..\obj\stm32f4xx_usart.o
 .debug_line    0x000006ba      0x141 ..\obj\main.o
 .debug_line    0x000007fb      0x5b9 ..\obj\stm32f4xx_rcc.o
 .debug_line    0x00000db4      0x1e4 ..\obj\stm32f4xx_it.o
 .debug_line    0x00000f98      0x439 ..\obj\TouchPanel.o
 .debug_line    0x000013d1       0x5b ..\obj\AsciiLib.o
 .debug_line    0x0000142c      0x440 ..\obj\printf.o
 .debug_line    0x0000186c      0x1b4 ..\obj\check_expression.o
 .debug_line    0x00001a20      0x767 ..\obj\LCD.o
 .debug_line    0x00002187      0x474 ..\obj\stm32f4xx_fsmc.o
 .debug_line    0x000025fb      0x35d ..\obj\stm32f4xx_gpio.o
 .debug_line    0x00002958       0x6f ..\obj\sh_cmd.o
 .debug_line    0x000029c7      0x160 ..\obj\syscalls.o
 .debug_line    0x00002b27       0xd2 ..\obj\myftoa.o
 .debug_line    0x00002bf9      0x471 ..\obj\stm32f4xx_spi.o
 .debug_line    0x0000306a      0x2e3 ..\obj\grammar.o
 .debug_line    0x0000334d      0x21d ..\obj\interface_calculator.o

.debug_str      0x00000000     0x2ac4
 .debug_str     0x00000000      0x10b ..\obj\semihosting.o
                                0x144 (size before relaxing)
 .debug_str     0x0000010b      0x135 ..\obj\stm32f4xx_Startup.o
                                0x213 (size before relaxing)
 .debug_str     0x00000240      0x536 ..\obj\stm32f4xx_usart.o
                                0x661 (size before relaxing)
 .debug_str     0x00000776       0x85 ..\obj\main.o
                                0x197 (size before relaxing)
 .debug_str     0x000007fb      0x612 ..\obj\stm32f4xx_rcc.o
                                0x819 (size before relaxing)
 .debug_str     0x00000e0d       0xb8 ..\obj\stm32f4xx_it.o
                                0x243 (size before relaxing)
 .debug_str     0x00000ec5      0x3b6 ..\obj\TouchPanel.o
                                0x5ab (size before relaxing)
 .debug_str     0x0000127b       0x4c ..\obj\AsciiLib.o
                                0x127 (size before relaxing)
 .debug_str     0x000012c7      0x53a ..\obj\printf.o
                                0x6e1 (size before relaxing)
 .debug_str     0x00001801       0xf6 ..\obj\check_expression.o
                                0x20b (size before relaxing)
 .debug_str     0x000018f7      0x3da ..\obj\LCD.o
                                0x6fe (size before relaxing)
 .debug_str     0x00001cd1      0x427 ..\obj\stm32f4xx_fsmc.o
                                0x766 (size before relaxing)
 .debug_str     0x000020f8      0x1cd ..\obj\stm32f4xx_gpio.o
                                0x475 (size before relaxing)
 .debug_str     0x000022c5      0x137 ..\obj\syscalls.o
                                0x27c (size before relaxing)
 .debug_str     0x000023fc       0xbb ..\obj\myftoa.o
                                0x21c (size before relaxing)
 .debug_str     0x000024b7      0x314 ..\obj\stm32f4xx_spi.o
                                0x65c (size before relaxing)
 .debug_str     0x000027cb      0x224 ..\obj\grammar.o
                                0x39e (size before relaxing)
 .debug_str     0x000029ef       0xd5 ..\obj\interface_calculator.o
                                0x279 (size before relaxing)

.comment        0x00000000       0x70
 .comment       0x00000000       0x70 ..\obj\semihosting.o
                                 0x71 (size before relaxing)
 .comment       0x00000000       0x71 ..\obj\stm32f4xx_Startup.o
 .comment       0x00000000       0x71 ..\obj\stm32f4xx_usart.o
 .comment       0x00000000       0x71 ..\obj\main.o
 .comment       0x00000000       0x71 ..\obj\stm32f4xx_rcc.o
 .comment       0x00000000       0x71 ..\obj\stm32f4xx_it.o
 .comment       0x00000000       0x71 ..\obj\TouchPanel.o
 .comment       0x00000000       0x71 ..\obj\AsciiLib.o
 .comment       0x00000000       0x71 ..\obj\printf.o
 .comment       0x00000000       0x71 ..\obj\check_expression.o
 .comment       0x00000000       0x71 ..\obj\LCD.o
 .comment       0x00000000       0x71 ..\obj\stm32f4xx_fsmc.o
 .comment       0x00000000       0x71 ..\obj\stm32f4xx_gpio.o
 .comment       0x00000000       0x71 ..\obj\syscalls.o
 .comment       0x00000000       0x71 ..\obj\myftoa.o
 .comment       0x00000000       0x71 ..\obj\stm32f4xx_spi.o
 .comment       0x00000000       0x71 ..\obj\grammar.o
 .comment       0x00000000       0x71 ..\obj\interface_calculator.o

.ARM.attributes
                0x00000000       0x31
 .ARM.attributes
                0x00000000       0x33 ..\obj\semihosting.o
 .ARM.attributes
                0x00000033       0x33 ..\obj\stm32f4xx_Startup.o
 .ARM.attributes
                0x00000066       0x33 ..\obj\stm32f4xx_usart.o
 .ARM.attributes
                0x00000099       0x33 ..\obj\main.o
 .ARM.attributes
                0x000000cc       0x33 ..\obj\stm32f4xx_rcc.o
 .ARM.attributes
                0x000000ff       0x33 ..\obj\stm32f4xx_it.o
 .ARM.attributes
                0x00000132       0x33 ..\obj\TouchPanel.o
 .ARM.attributes
                0x00000165       0x33 ..\obj\AsciiLib.o
 .ARM.attributes
                0x00000198       0x33 ..\obj\printf.o
 .ARM.attributes
                0x000001cb       0x33 ..\obj\check_expression.o
 .ARM.attributes
                0x000001fe       0x33 ..\obj\LCD.o
 .ARM.attributes
                0x00000231       0x33 ..\obj\stm32f4xx_fsmc.o
 .ARM.attributes
                0x00000264       0x33 ..\obj\stm32f4xx_gpio.o
 .ARM.attributes
                0x00000297       0x21 ..\obj\sh_cmd.o
 .ARM.attributes
                0x000002b8       0x33 ..\obj\syscalls.o
 .ARM.attributes
                0x000002eb       0x33 ..\obj\myftoa.o
 .ARM.attributes
                0x0000031e       0x33 ..\obj\stm32f4xx_spi.o
 .ARM.attributes
                0x00000351       0x33 ..\obj\grammar.o
 .ARM.attributes
                0x00000384       0x33 ..\obj\interface_calculator.o
 .ARM.attributes
                0x000003b7       0x2e c:/gnuarm/bin/../lib/gcc/arm-none-eabi/4.7.4/../../../../arm-none-eabi/lib/armv7e-m\libm.a(lib_a-s_fpclassify.o)
 .ARM.attributes
                0x000003e5       0x2e c:/gnuarm/bin/../lib/gcc/arm-none-eabi/4.7.4/../../../../arm-none-eabi/lib/armv7e-m\libm.a(lib_a-w_pow.o)
 .ARM.attributes
                0x00000413       0x2e c:/gnuarm/bin/../lib/gcc/arm-none-eabi/4.7.4/../../../../arm-none-eabi/lib/armv7e-m\libm.a(lib_a-e_pow.o)
 .ARM.attributes
                0x00000441       0x2e c:/gnuarm/bin/../lib/gcc/arm-none-eabi/4.7.4/../../../../arm-none-eabi/lib/armv7e-m\libm.a(lib_a-e_sqrt.o)
 .ARM.attributes
                0x0000046f       0x2e c:/gnuarm/bin/../lib/gcc/arm-none-eabi/4.7.4/../../../../arm-none-eabi/lib/armv7e-m\libm.a(lib_a-s_fabs.o)
 .ARM.attributes
                0x0000049d       0x2e c:/gnuarm/bin/../lib/gcc/arm-none-eabi/4.7.4/../../../../arm-none-eabi/lib/armv7e-m\libm.a(lib_a-s_finite.o)
 .ARM.attributes
                0x000004cb       0x2e c:/gnuarm/bin/../lib/gcc/arm-none-eabi/4.7.4/../../../../arm-none-eabi/lib/armv7e-m\libm.a(lib_a-s_lib_ver.o)
 .ARM.attributes
                0x000004f9       0x2e c:/gnuarm/bin/../lib/gcc/arm-none-eabi/4.7.4/../../../../arm-none-eabi/lib/armv7e-m\libm.a(lib_a-s_matherr.o)
 .ARM.attributes
                0x00000527       0x2e c:/gnuarm/bin/../lib/gcc/arm-none-eabi/4.7.4/../../../../arm-none-eabi/lib/armv7e-m\libm.a(lib_a-s_nan.o)
 .ARM.attributes
                0x00000555       0x2e c:/gnuarm/bin/../lib/gcc/arm-none-eabi/4.7.4/../../../../arm-none-eabi/lib/armv7e-m\libm.a(lib_a-s_rint.o)
 .ARM.attributes
                0x00000583       0x2e c:/gnuarm/bin/../lib/gcc/arm-none-eabi/4.7.4/../../../../arm-none-eabi/lib/armv7e-m\libm.a(lib_a-s_scalbn.o)
 .ARM.attributes
                0x000005b1       0x2e c:/gnuarm/bin/../lib/gcc/arm-none-eabi/4.7.4/../../../../arm-none-eabi/lib/armv7e-m\libm.a(lib_a-s_copysign.o)
 .ARM.attributes
                0x000005df       0x1e c:/gnuarm/bin/../lib/gcc/arm-none-eabi/4.7.4/armv7e-m\libgcc.a(_arm_addsubdf3.o)
 .ARM.attributes
                0x000005fd       0x1e c:/gnuarm/bin/../lib/gcc/arm-none-eabi/4.7.4/armv7e-m\libgcc.a(_arm_muldivdf3.o)
 .ARM.attributes
                0x0000061b       0x1e c:/gnuarm/bin/../lib/gcc/arm-none-eabi/4.7.4/armv7e-m\libgcc.a(_arm_cmpdf2.o)
 .ARM.attributes
                0x00000639       0x1e c:/gnuarm/bin/../lib/gcc/arm-none-eabi/4.7.4/armv7e-m\libgcc.a(_arm_fixdfsi.o)
 .ARM.attributes
                0x00000657       0x1e c:/gnuarm/bin/../lib/gcc/arm-none-eabi/4.7.4/armv7e-m\libgcc.a(_arm_fixunsdfsi.o)
 .ARM.attributes
                0x00000675       0x1e c:/gnuarm/bin/../lib/gcc/arm-none-eabi/4.7.4/armv7e-m\libgcc.a(_aeabi_uldivmod.o)
 .ARM.attributes
                0x00000693       0x2e c:/gnuarm/bin/../lib/gcc/arm-none-eabi/4.7.4/armv7e-m\libgcc.a(_fixunsdfdi.o)
 .ARM.attributes
                0x000006c1       0x2e c:/gnuarm/bin/../lib/gcc/arm-none-eabi/4.7.4/armv7e-m\libgcc.a(bpabi.o)
 .ARM.attributes
                0x000006ef       0x1e c:/gnuarm/bin/../lib/gcc/arm-none-eabi/4.7.4/armv7e-m\libgcc.a(_dvmd_tls.o)
 .ARM.attributes
                0x0000070d       0x2e c:/gnuarm/bin/../lib/gcc/arm-none-eabi/4.7.4/armv7e-m\libgcc.a(_divdi3.o)
 .ARM.attributes
                0x0000073b       0x2e c:/gnuarm/bin/../lib/gcc/arm-none-eabi/4.7.4/armv7e-m\libgcc.a(_udivdi3.o)
 .ARM.attributes
                0x00000769       0x2e c:/gnuarm/bin/../lib/gcc/arm-none-eabi/4.7.4/../../../../arm-none-eabi/lib/armv7e-m\libc.a(lib_a-atof.o)
 .ARM.attributes
                0x00000797       0x2e c:/gnuarm/bin/../lib/gcc/arm-none-eabi/4.7.4/../../../../arm-none-eabi/lib/armv7e-m\libc.a(lib_a-atoi.o)
 .ARM.attributes
                0x000007c5       0x2e c:/gnuarm/bin/../lib/gcc/arm-none-eabi/4.7.4/../../../../arm-none-eabi/lib/armv7e-m\libc.a(lib_a-calloc.o)
 .ARM.attributes
                0x000007f3       0x2e c:/gnuarm/bin/../lib/gcc/arm-none-eabi/4.7.4/../../../../arm-none-eabi/lib/armv7e-m\libc.a(lib_a-callocr.o)
 .ARM.attributes
                0x00000821       0x2e c:/gnuarm/bin/../lib/gcc/arm-none-eabi/4.7.4/../../../../arm-none-eabi/lib/armv7e-m\libc.a(lib_a-errno.o)
 .ARM.attributes
                0x0000084f       0x2e c:/gnuarm/bin/../lib/gcc/arm-none-eabi/4.7.4/../../../../arm-none-eabi/lib/armv7e-m\libc.a(lib_a-mallocr.o)
 .ARM.attributes
                0x0000087d       0x2e c:/gnuarm/bin/../lib/gcc/arm-none-eabi/4.7.4/../../../../arm-none-eabi/lib/armv7e-m\libc.a(lib_a-memset.o)
 .ARM.attributes
                0x000008ab       0x2e c:/gnuarm/bin/../lib/gcc/arm-none-eabi/4.7.4/../../../../arm-none-eabi/lib/armv7e-m\libc.a(lib_a-mlock.o)
 .ARM.attributes
                0x000008d9       0x2e c:/gnuarm/bin/../lib/gcc/arm-none-eabi/4.7.4/../../../../arm-none-eabi/lib/armv7e-m\libc.a(lib_a-sbrkr.o)
 .ARM.attributes
                0x00000907       0x2e c:/gnuarm/bin/../lib/gcc/arm-none-eabi/4.7.4/../../../../arm-none-eabi/lib/armv7e-m\libc.a(lib_a-strcat.o)
 .ARM.attributes
                0x00000935       0x2e c:/gnuarm/bin/../lib/gcc/arm-none-eabi/4.7.4/../../../../arm-none-eabi/lib/armv7e-m\libc.a(lib_a-strchr.o)
 .ARM.attributes
                0x00000963       0x2e c:/gnuarm/bin/../lib/gcc/arm-none-eabi/4.7.4/../../../../arm-none-eabi/lib/armv7e-m\libc.a(lib_a-strcmp.o)
 .ARM.attributes
                0x00000991       0x2e c:/gnuarm/bin/../lib/gcc/arm-none-eabi/4.7.4/../../../../arm-none-eabi/lib/armv7e-m\libc.a(lib_a-strcpy.o)
 .ARM.attributes
                0x000009bf       0x2e c:/gnuarm/bin/../lib/gcc/arm-none-eabi/4.7.4/../../../../arm-none-eabi/lib/armv7e-m\libc.a(lib_a-strlen.o)
 .ARM.attributes
                0x000009ed       0x2e c:/gnuarm/bin/../lib/gcc/arm-none-eabi/4.7.4/../../../../arm-none-eabi/lib/armv7e-m\libc.a(lib_a-strncpy.o)
 .ARM.attributes
                0x00000a1b       0x2e c:/gnuarm/bin/../lib/gcc/arm-none-eabi/4.7.4/../../../../arm-none-eabi/lib/armv7e-m\libc.a(lib_a-strstr.o)
 .ARM.attributes
                0x00000a49       0x2e c:/gnuarm/bin/../lib/gcc/arm-none-eabi/4.7.4/../../../../arm-none-eabi/lib/armv7e-m\libc.a(lib_a-strtod.o)
 .ARM.attributes
                0x00000a77       0x2e c:/gnuarm/bin/../lib/gcc/arm-none-eabi/4.7.4/../../../../arm-none-eabi/lib/armv7e-m\libc.a(lib_a-strtol.o)
 .ARM.attributes
                0x00000aa5       0x2e c:/gnuarm/bin/../lib/gcc/arm-none-eabi/4.7.4/../../../../arm-none-eabi/lib/armv7e-m\libc.a(lib_a-ctype_.o)
 .ARM.attributes
                0x00000ad3       0x2e c:/gnuarm/bin/../lib/gcc/arm-none-eabi/4.7.4/../../../../arm-none-eabi/lib/armv7e-m\libc.a(lib_a-freer.o)
 .ARM.attributes
                0x00000b01       0x2e c:/gnuarm/bin/../lib/gcc/arm-none-eabi/4.7.4/../../../../arm-none-eabi/lib/armv7e-m\libc.a(lib_a-gdtoa-gethex.o)
 .ARM.attributes
                0x00000b2f       0x2e c:/gnuarm/bin/../lib/gcc/arm-none-eabi/4.7.4/../../../../arm-none-eabi/lib/armv7e-m\libc.a(lib_a-gdtoa-hexnan.o)
 .ARM.attributes
                0x00000b5d       0x2e c:/gnuarm/bin/../lib/gcc/arm-none-eabi/4.7.4/../../../../arm-none-eabi/lib/armv7e-m\libc.a(lib_a-locale.o)
 .ARM.attributes
                0x00000b8b       0x2e c:/gnuarm/bin/../lib/gcc/arm-none-eabi/4.7.4/../../../../arm-none-eabi/lib/armv7e-m\libc.a(lib_a-memchr.o)
 .ARM.attributes
                0x00000bb9       0x2e c:/gnuarm/bin/../lib/gcc/arm-none-eabi/4.7.4/../../../../arm-none-eabi/lib/armv7e-m\libc.a(lib_a-memcmp.o)
 .ARM.attributes
                0x00000be7       0x2e c:/gnuarm/bin/../lib/gcc/arm-none-eabi/4.7.4/../../../../arm-none-eabi/lib/armv7e-m\libc.a(lib_a-memcpy.o)
 .ARM.attributes
                0x00000c15       0x2e c:/gnuarm/bin/../lib/gcc/arm-none-eabi/4.7.4/../../../../arm-none-eabi/lib/armv7e-m\libc.a(lib_a-mprec.o)
 .ARM.attributes
                0x00000c43       0x2e c:/gnuarm/bin/../lib/gcc/arm-none-eabi/4.7.4/../../../../arm-none-eabi/lib/armv7e-m\libc.a(lib_a-reent.o)
 .ARM.attributes
                0x00000c71       0x2e c:/gnuarm/bin/../lib/gcc/arm-none-eabi/4.7.4/../../../../arm-none-eabi/lib/armv7e-m\libc.a(lib_a-strncmp.o)

.debug_frame    0x00000000     0x2888
 .debug_frame   0x00000000       0x70 ..\obj\semihosting.o
 .debug_frame   0x00000070       0x48 ..\obj\stm32f4xx_Startup.o
 .debug_frame   0x000000b8      0x344 ..\obj\stm32f4xx_usart.o
 .debug_frame   0x000003fc       0x30 ..\obj\main.o
 .debug_frame   0x0000042c      0x4d8 ..\obj\stm32f4xx_rcc.o
 .debug_frame   0x00000904       0xec ..\obj\stm32f4xx_it.o
 .debug_frame   0x000009f0      0x1ec ..\obj\TouchPanel.o
 .debug_frame   0x00000bdc       0x30 ..\obj\AsciiLib.o
 .debug_frame   0x00000c0c      0x2ec ..\obj\printf.o
 .debug_frame   0x00000ef8       0xd0 ..\obj\check_expression.o
 .debug_frame   0x00000fc8      0x294 ..\obj\LCD.o
 .debug_frame   0x0000125c      0x220 ..\obj\stm32f4xx_fsmc.o
 .debug_frame   0x0000147c      0x19c ..\obj\stm32f4xx_gpio.o
 .debug_frame   0x00001618      0x108 ..\obj\syscalls.o
 .debug_frame   0x00001720       0x90 ..\obj\myftoa.o
 .debug_frame   0x000017b0      0x2d0 ..\obj\stm32f4xx_spi.o
 .debug_frame   0x00001a80      0x1f8 ..\obj\grammar.o
 .debug_frame   0x00001c78       0xb4 ..\obj\interface_calculator.o
 .debug_frame   0x00001d2c       0x20 c:/gnuarm/bin/../lib/gcc/arm-none-eabi/4.7.4/../../../../arm-none-eabi/lib/armv7e-m\libm.a(lib_a-s_fpclassify.o)
 .debug_frame   0x00001d4c       0x38 c:/gnuarm/bin/../lib/gcc/arm-none-eabi/4.7.4/../../../../arm-none-eabi/lib/armv7e-m\libm.a(lib_a-w_pow.o)
 .debug_frame   0x00001d84       0x38 c:/gnuarm/bin/../lib/gcc/arm-none-eabi/4.7.4/../../../../arm-none-eabi/lib/armv7e-m\libm.a(lib_a-e_pow.o)
 .debug_frame   0x00001dbc       0x34 c:/gnuarm/bin/../lib/gcc/arm-none-eabi/4.7.4/../../../../arm-none-eabi/lib/armv7e-m\libm.a(lib_a-e_sqrt.o)
 .debug_frame   0x00001df0       0x20 c:/gnuarm/bin/../lib/gcc/arm-none-eabi/4.7.4/../../../../arm-none-eabi/lib/armv7e-m\libm.a(lib_a-s_fabs.o)
 .debug_frame   0x00001e10       0x20 c:/gnuarm/bin/../lib/gcc/arm-none-eabi/4.7.4/../../../../arm-none-eabi/lib/armv7e-m\libm.a(lib_a-s_finite.o)
 .debug_frame   0x00001e30       0x20 c:/gnuarm/bin/../lib/gcc/arm-none-eabi/4.7.4/../../../../arm-none-eabi/lib/armv7e-m\libm.a(lib_a-s_matherr.o)
 .debug_frame   0x00001e50       0x20 c:/gnuarm/bin/../lib/gcc/arm-none-eabi/4.7.4/../../../../arm-none-eabi/lib/armv7e-m\libm.a(lib_a-s_nan.o)
 .debug_frame   0x00001e70       0x34 c:/gnuarm/bin/../lib/gcc/arm-none-eabi/4.7.4/../../../../arm-none-eabi/lib/armv7e-m\libm.a(lib_a-s_rint.o)
 .debug_frame   0x00001ea4       0x30 c:/gnuarm/bin/../lib/gcc/arm-none-eabi/4.7.4/../../../../arm-none-eabi/lib/armv7e-m\libm.a(lib_a-s_scalbn.o)
 .debug_frame   0x00001ed4       0x28 c:/gnuarm/bin/../lib/gcc/arm-none-eabi/4.7.4/../../../../arm-none-eabi/lib/armv7e-m\libm.a(lib_a-s_copysign.o)
 .debug_frame   0x00001efc       0x2c c:/gnuarm/bin/../lib/gcc/arm-none-eabi/4.7.4/armv7e-m\libgcc.a(_fixunsdfdi.o)
 .debug_frame   0x00001f28       0x50 c:/gnuarm/bin/../lib/gcc/arm-none-eabi/4.7.4/armv7e-m\libgcc.a(bpabi.o)
 .debug_frame   0x00001f78       0x34 c:/gnuarm/bin/../lib/gcc/arm-none-eabi/4.7.4/armv7e-m\libgcc.a(_divdi3.o)
 .debug_frame   0x00001fac       0x34 c:/gnuarm/bin/../lib/gcc/arm-none-eabi/4.7.4/armv7e-m\libgcc.a(_udivdi3.o)
 .debug_frame   0x00001fe0       0x20 c:/gnuarm/bin/../lib/gcc/arm-none-eabi/4.7.4/../../../../arm-none-eabi/lib/armv7e-m\libc.a(lib_a-atof.o)
 .debug_frame   0x00002000       0x30 c:/gnuarm/bin/../lib/gcc/arm-none-eabi/4.7.4/../../../../arm-none-eabi/lib/armv7e-m\libc.a(lib_a-atoi.o)
 .debug_frame   0x00002030       0x28 c:/gnuarm/bin/../lib/gcc/arm-none-eabi/4.7.4/../../../../arm-none-eabi/lib/armv7e-m\libc.a(lib_a-calloc.o)
 .debug_frame   0x00002058       0x28 c:/gnuarm/bin/../lib/gcc/arm-none-eabi/4.7.4/../../../../arm-none-eabi/lib/armv7e-m\libc.a(lib_a-callocr.o)
 .debug_frame   0x00002080       0x20 c:/gnuarm/bin/../lib/gcc/arm-none-eabi/4.7.4/../../../../arm-none-eabi/lib/armv7e-m\libc.a(lib_a-errno.o)
 .debug_frame   0x000020a0       0x38 c:/gnuarm/bin/../lib/gcc/arm-none-eabi/4.7.4/../../../../arm-none-eabi/lib/armv7e-m\libc.a(lib_a-mallocr.o)
 .debug_frame   0x000020d8       0x2c c:/gnuarm/bin/../lib/gcc/arm-none-eabi/4.7.4/../../../../arm-none-eabi/lib/armv7e-m\libc.a(lib_a-memset.o)
 .debug_frame   0x00002104       0x30 c:/gnuarm/bin/../lib/gcc/arm-none-eabi/4.7.4/../../../../arm-none-eabi/lib/armv7e-m\libc.a(lib_a-mlock.o)
 .debug_frame   0x00002134       0x2c c:/gnuarm/bin/../lib/gcc/arm-none-eabi/4.7.4/../../../../arm-none-eabi/lib/armv7e-m\libc.a(lib_a-sbrkr.o)
 .debug_frame   0x00002160       0x2c c:/gnuarm/bin/../lib/gcc/arm-none-eabi/4.7.4/../../../../arm-none-eabi/lib/armv7e-m\libc.a(lib_a-strcat.o)
 .debug_frame   0x0000218c       0x2c c:/gnuarm/bin/../lib/gcc/arm-none-eabi/4.7.4/../../../../arm-none-eabi/lib/armv7e-m\libc.a(lib_a-strchr.o)
 .debug_frame   0x000021b8       0x30 c:/gnuarm/bin/../lib/gcc/arm-none-eabi/4.7.4/../../../../arm-none-eabi/lib/armv7e-m\libc.a(lib_a-strcmp.o)
 .debug_frame   0x000021e8       0x20 c:/gnuarm/bin/../lib/gcc/arm-none-eabi/4.7.4/../../../../arm-none-eabi/lib/armv7e-m\libc.a(lib_a-strcpy.o)
 .debug_frame   0x00002208       0x20 c:/gnuarm/bin/../lib/gcc/arm-none-eabi/4.7.4/../../../../arm-none-eabi/lib/armv7e-m\libc.a(lib_a-strlen.o)
 .debug_frame   0x00002228       0x2c c:/gnuarm/bin/../lib/gcc/arm-none-eabi/4.7.4/../../../../arm-none-eabi/lib/armv7e-m\libc.a(lib_a-strncpy.o)
 .debug_frame   0x00002254       0x88 c:/gnuarm/bin/../lib/gcc/arm-none-eabi/4.7.4/../../../../arm-none-eabi/lib/armv7e-m\libc.a(lib_a-strstr.o)
 .debug_frame   0x000022dc       0x70 c:/gnuarm/bin/../lib/gcc/arm-none-eabi/4.7.4/../../../../arm-none-eabi/lib/armv7e-m\libc.a(lib_a-strtod.o)
 .debug_frame   0x0000234c       0x54 c:/gnuarm/bin/../lib/gcc/arm-none-eabi/4.7.4/../../../../arm-none-eabi/lib/armv7e-m\libc.a(lib_a-strtol.o)
 .debug_frame   0x000023a0       0x50 c:/gnuarm/bin/../lib/gcc/arm-none-eabi/4.7.4/../../../../arm-none-eabi/lib/armv7e-m\libc.a(lib_a-freer.o)
 .debug_frame   0x000023f0       0x6c c:/gnuarm/bin/../lib/gcc/arm-none-eabi/4.7.4/../../../../arm-none-eabi/lib/armv7e-m\libc.a(lib_a-gdtoa-gethex.o)
 .debug_frame   0x0000245c       0x38 c:/gnuarm/bin/../lib/gcc/arm-none-eabi/4.7.4/../../../../arm-none-eabi/lib/armv7e-m\libc.a(lib_a-gdtoa-hexnan.o)
 .debug_frame   0x00002494       0xa0 c:/gnuarm/bin/../lib/gcc/arm-none-eabi/4.7.4/../../../../arm-none-eabi/lib/armv7e-m\libc.a(lib_a-locale.o)
 .debug_frame   0x00002534       0x2c c:/gnuarm/bin/../lib/gcc/arm-none-eabi/4.7.4/../../../../arm-none-eabi/lib/armv7e-m\libc.a(lib_a-memchr.o)
 .debug_frame   0x00002560       0x2c c:/gnuarm/bin/../lib/gcc/arm-none-eabi/4.7.4/../../../../arm-none-eabi/lib/armv7e-m\libc.a(lib_a-memcmp.o)
 .debug_frame   0x0000258c       0x30 c:/gnuarm/bin/../lib/gcc/arm-none-eabi/4.7.4/../../../../arm-none-eabi/lib/armv7e-m\libc.a(lib_a-memcpy.o)
 .debug_frame   0x000025bc      0x234 c:/gnuarm/bin/../lib/gcc/arm-none-eabi/4.7.4/../../../../arm-none-eabi/lib/armv7e-m\libc.a(lib_a-mprec.o)
 .debug_frame   0x000027f0       0x6c c:/gnuarm/bin/../lib/gcc/arm-none-eabi/4.7.4/../../../../arm-none-eabi/lib/armv7e-m\libc.a(lib_a-reent.o)
 .debug_frame   0x0000285c       0x2c c:/gnuarm/bin/../lib/gcc/arm-none-eabi/4.7.4/../../../../arm-none-eabi/lib/armv7e-m\libc.a(lib_a-strncmp.o)
